nftset=/warsaw10007.discord.media/4#inet#fw4#vpn_domains
nftset=/cdn.discordapp.com/4#inet#fw4#vpn_domains
nftset=/canary.discord.com/4#inet#fw4#vpn_domains
nftset=/dis.gd/4#inet#fw4#vpn_domains
nftset=/ptb.discord.com/4#inet#fw4#vpn_domains
nftset=/discord-attachments-uploads-prd.storage.googleapis.com/4#inet#fw4#vpn_domains
nftset=/discord-activities.com/4#inet#fw4#vpn_domains
nftset=/discord.co/4#inet#fw4#vpn_domains
nftset=/discord.com/4#inet#fw4#vpn_domains
nftset=/discord.design/4#inet#fw4#vpn_domains
nftset=/discord.dev/4#inet#fw4#vpn_domains
nftset=/discord.gg/4#inet#fw4#vpn_domains
nftset=/discord.gift/4#inet#fw4#vpn_domains
nftset=/discord.gifts/4#inet#fw4#vpn_domains
nftset=/discord.media/4#inet#fw4#vpn_domains
nftset=/discord.new/4#inet#fw4#vpn_domains
nftset=/discord.store/4#inet#fw4#vpn_domains
nftset=/discord.tools/4#inet#fw4#vpn_domains
nftset=/discordactivities.com/4#inet#fw4#vpn_domains
nftset=/discordapp.com/4#inet#fw4#vpn_domains
nftset=/discordapp.net/4#inet#fw4#vpn_domains
nftset=/media.discordapp.net/4#inet#fw4#vpn_domains
nftset=/images-ext-1.discordapp.net/4#inet#fw4#vpn_domains
nftset=/images-ext-2.discordapp.net/4#inet#fw4#vpn_domains
nftset=/stable.dl2.discordapp.net/4#inet#fw4#vpn_domains
nftset=/discordcdn.com/4#inet#fw4#vpn_domains
nftset=/discordmerch.com/4#inet#fw4#vpn_domains
nftset=/discordpartygames.com/4#inet#fw4#vpn_domains
nftset=/discordsays.com/4#inet#fw4#vpn_domains
nftset=/discordsez.com/4#inet#fw4#vpn_domains
nftset=/discordstatus.com/4#inet#fw4#vpn_domains
nftset=/russia1109.discord.gg/4#inet#fw4#vpn_domains
nftset=/russia1290.discord.gg/4#inet#fw4#vpn_domains
nftset=/russia1298.discord.gg/4#inet#fw4#vpn_domains
nftset=/russia1302.discord.gg/4#inet#fw4#vpn_domains
nftset=/russia1332.discord.gg/4#inet#fw4#vpn_domains
nftset=/russia1411.discord.gg/4#inet#fw4#vpn_domains
nftset=/russia1461.discord.gg/4#inet#fw4#vpn_domains
nftset=/russia1465.discord.gg/4#inet#fw4#vpn_domains
nftset=/russia1501.discord.gg/4#inet#fw4#vpn_domains
nftset=/russia1700.discord.gg/4#inet#fw4#vpn_domains
nftset=/russia1719.discord.gg/4#inet#fw4#vpn_domains
nftset=/russia1727.discord.gg/4#inet#fw4#vpn_domains
nftset=/russia1740.discord.gg/4#inet#fw4#vpn_domains
nftset=/russia1742.discord.gg/4#inet#fw4#vpn_domains
nftset=/russia1838.discord.gg/4#inet#fw4#vpn_domains
nftset=/russia1860.discord.gg/4#inet#fw4#vpn_domains
nftset=/russia1890.discord.gg/4#inet#fw4#vpn_domains
nftset=/russia2029.discord.gg/4#inet#fw4#vpn_domains
nftset=/russia2188.discord.gg/4#inet#fw4#vpn_domains
nftset=/russia2271.discord.gg/4#inet#fw4#vpn_domains
nftset=/russia2283.discord.gg/4#inet#fw4#vpn_domains
nftset=/russia2352.discord.gg/4#inet#fw4#vpn_domains
nftset=/russia2368.discord.gg/4#inet#fw4#vpn_domains
nftset=/russia2474.discord.gg/4#inet#fw4#vpn_domains
nftset=/russia2501.discord.gg/4#inet#fw4#vpn_domains
nftset=/russia2543.discord.gg/4#inet#fw4#vpn_domains
nftset=/russia2554.discord.gg/4#inet#fw4#vpn_domains
nftset=/russia2652.discord.gg/4#inet#fw4#vpn_domains
nftset=/russia2654.discord.gg/4#inet#fw4#vpn_domains
nftset=/russia2664.discord.gg/4#inet#fw4#vpn_domains
nftset=/russia2686.discord.gg/4#inet#fw4#vpn_domains
nftset=/russia2698.discord.gg/4#inet#fw4#vpn_domains
nftset=/russia282.discord.gg/4#inet#fw4#vpn_domains
nftset=/russia301.discord.gg/4#inet#fw4#vpn_domains
nftset=/russia3064.discord.gg/4#inet#fw4#vpn_domains
nftset=/russia3105.discord.gg/4#inet#fw4#vpn_domains
nftset=/russia3117.discord.gg/4#inet#fw4#vpn_domains
nftset=/russia3168.discord.gg/4#inet#fw4#vpn_domains
nftset=/russia3342.discord.gg/4#inet#fw4#vpn_domains
nftset=/russia34.discord.gg/4#inet#fw4#vpn_domains
nftset=/russia3432.discord.gg/4#inet#fw4#vpn_domains
nftset=/russia3500.discord.gg/4#inet#fw4#vpn_domains
nftset=/russia3525.discord.gg/4#inet#fw4#vpn_domains
nftset=/russia3536.discord.gg/4#inet#fw4#vpn_domains
nftset=/russia3612.discord.gg/4#inet#fw4#vpn_domains
nftset=/russia3618.discord.gg/4#inet#fw4#vpn_domains
nftset=/russia3649.discord.gg/4#inet#fw4#vpn_domains
nftset=/russia3674.discord.gg/4#inet#fw4#vpn_domains
nftset=/russia3717.discord.gg/4#inet#fw4#vpn_domains
nftset=/russia3755.discord.gg/4#inet#fw4#vpn_domains
nftset=/russia3824.discord.gg/4#inet#fw4#vpn_domains
nftset=/russia3872.discord.gg/4#inet#fw4#vpn_domains
nftset=/russia4022.discord.gg/4#inet#fw4#vpn_domains
nftset=/russia4031.discord.gg/4#inet#fw4#vpn_domains
nftset=/russia4037.discord.gg/4#inet#fw4#vpn_domains
nftset=/russia4061.discord.gg/4#inet#fw4#vpn_domains
nftset=/russia4102.discord.gg/4#inet#fw4#vpn_domains
nftset=/russia4142.discord.gg/4#inet#fw4#vpn_domains
nftset=/russia4185.discord.gg/4#inet#fw4#vpn_domains
nftset=/russia438.discord.gg/4#inet#fw4#vpn_domains
nftset=/russia4400.discord.gg/4#inet#fw4#vpn_domains
nftset=/russia4419.discord.gg/4#inet#fw4#vpn_domains
nftset=/russia442.discord.gg/4#inet#fw4#vpn_domains
nftset=/russia4448.discord.gg/4#inet#fw4#vpn_domains
nftset=/russia4513.discord.gg/4#inet#fw4#vpn_domains
nftset=/russia4522.discord.gg/4#inet#fw4#vpn_domains
nftset=/russia4606.discord.gg/4#inet#fw4#vpn_domains
nftset=/russia462.discord.gg/4#inet#fw4#vpn_domains
nftset=/russia4656.discord.gg/4#inet#fw4#vpn_domains
nftset=/russia4657.discord.gg/4#inet#fw4#vpn_domains
nftset=/russia469.discord.gg/4#inet#fw4#vpn_domains
nftset=/russia4725.discord.gg/4#inet#fw4#vpn_domains
nftset=/russia4730.discord.gg/4#inet#fw4#vpn_domains
nftset=/russia4842.discord.gg/4#inet#fw4#vpn_domains
nftset=/russia4905.discord.gg/4#inet#fw4#vpn_domains
nftset=/russia4980.discord.gg/4#inet#fw4#vpn_domains
nftset=/russia5095.discord.gg/4#inet#fw4#vpn_domains
nftset=/russia5097.discord.gg/4#inet#fw4#vpn_domains
nftset=/russia515.discord.gg/4#inet#fw4#vpn_domains
nftset=/russia5157.discord.gg/4#inet#fw4#vpn_domains
nftset=/russia5162.discord.gg/4#inet#fw4#vpn_domains
nftset=/russia5225.discord.gg/4#inet#fw4#vpn_domains
nftset=/russia5286.discord.gg/4#inet#fw4#vpn_domains
nftset=/russia5414.discord.gg/4#inet#fw4#vpn_domains
nftset=/russia5495.discord.gg/4#inet#fw4#vpn_domains
nftset=/russia5516.discord.gg/4#inet#fw4#vpn_domains
nftset=/russia5544.discord.gg/4#inet#fw4#vpn_domains
nftset=/russia5553.discord.gg/4#inet#fw4#vpn_domains
nftset=/russia5644.discord.gg/4#inet#fw4#vpn_domains
nftset=/russia5689.discord.gg/4#inet#fw4#vpn_domains
nftset=/russia5733.discord.gg/4#inet#fw4#vpn_domains
nftset=/russia5806.discord.gg/4#inet#fw4#vpn_domains
nftset=/russia5957.discord.gg/4#inet#fw4#vpn_domains
nftset=/russia5992.discord.gg/4#inet#fw4#vpn_domains
nftset=/russia5995.discord.gg/4#inet#fw4#vpn_domains
nftset=/russia6044.discord.gg/4#inet#fw4#vpn_domains
nftset=/russia62.discord.gg/4#inet#fw4#vpn_domains
nftset=/russia6204.discord.gg/4#inet#fw4#vpn_domains
nftset=/russia6221.discord.gg/4#inet#fw4#vpn_domains
nftset=/russia6237.discord.gg/4#inet#fw4#vpn_domains
nftset=/russia6344.discord.gg/4#inet#fw4#vpn_domains
nftset=/russia6393.discord.gg/4#inet#fw4#vpn_domains
nftset=/russia640.discord.gg/4#inet#fw4#vpn_domains
nftset=/russia6424.discord.gg/4#inet#fw4#vpn_domains
nftset=/russia6443.discord.gg/4#inet#fw4#vpn_domains
nftset=/russia6459.discord.gg/4#inet#fw4#vpn_domains
nftset=/russia6897.discord.gg/4#inet#fw4#vpn_domains
nftset=/russia7004.discord.gg/4#inet#fw4#vpn_domains
nftset=/russia7007.discord.gg/4#inet#fw4#vpn_domains
nftset=/russia7011.discord.gg/4#inet#fw4#vpn_domains
nftset=/russia7056.discord.gg/4#inet#fw4#vpn_domains
nftset=/russia7085.discord.gg/4#inet#fw4#vpn_domains
nftset=/russia7099.discord.gg/4#inet#fw4#vpn_domains
nftset=/russia720.discord.gg/4#inet#fw4#vpn_domains
nftset=/russia7244.discord.gg/4#inet#fw4#vpn_domains
nftset=/russia7302.discord.gg/4#inet#fw4#vpn_domains
nftset=/russia7343.discord.gg/4#inet#fw4#vpn_domains
nftset=/russia7492.discord.gg/4#inet#fw4#vpn_domains
nftset=/russia7498.discord.gg/4#inet#fw4#vpn_domains
nftset=/russia752.discord.gg/4#inet#fw4#vpn_domains
nftset=/russia7726.discord.gg/4#inet#fw4#vpn_domains
nftset=/russia7814.discord.gg/4#inet#fw4#vpn_domains
nftset=/russia7914.discord.gg/4#inet#fw4#vpn_domains
nftset=/russia7917.discord.gg/4#inet#fw4#vpn_domains
nftset=/russia7968.discord.gg/4#inet#fw4#vpn_domains
nftset=/russia8079.discord.gg/4#inet#fw4#vpn_domains
nftset=/russia8095.discord.gg/4#inet#fw4#vpn_domains
nftset=/russia8201.discord.gg/4#inet#fw4#vpn_domains
nftset=/russia830.discord.gg/4#inet#fw4#vpn_domains
nftset=/russia8319.discord.gg/4#inet#fw4#vpn_domains
nftset=/russia8346.discord.gg/4#inet#fw4#vpn_domains
nftset=/russia8393.discord.gg/4#inet#fw4#vpn_domains
nftset=/russia845.discord.gg/4#inet#fw4#vpn_domains
nftset=/russia847.discord.gg/4#inet#fw4#vpn_domains
nftset=/russia8478.discord.gg/4#inet#fw4#vpn_domains
nftset=/russia8510.discord.gg/4#inet#fw4#vpn_domains
nftset=/russia8649.discord.gg/4#inet#fw4#vpn_domains
nftset=/russia8693.discord.gg/4#inet#fw4#vpn_domains
nftset=/russia8703.discord.gg/4#inet#fw4#vpn_domains
nftset=/russia8760.discord.gg/4#inet#fw4#vpn_domains
nftset=/russia8984.discord.gg/4#inet#fw4#vpn_domains
nftset=/russia9060.discord.gg/4#inet#fw4#vpn_domains
nftset=/russia9064.discord.gg/4#inet#fw4#vpn_domains
nftset=/russia9097.discord.gg/4#inet#fw4#vpn_domains
nftset=/russia921.discord.gg/4#inet#fw4#vpn_domains
nftset=/russia9229.discord.gg/4#inet#fw4#vpn_domains
nftset=/russia9253.discord.gg/4#inet#fw4#vpn_domains
nftset=/russia9264.discord.gg/4#inet#fw4#vpn_domains
nftset=/russia928.discord.gg/4#inet#fw4#vpn_domains
nftset=/russia9345.discord.gg/4#inet#fw4#vpn_domains
nftset=/russia9372.discord.gg/4#inet#fw4#vpn_domains
nftset=/russia9395.discord.gg/4#inet#fw4#vpn_domains
nftset=/russia9423.discord.gg/4#inet#fw4#vpn_domains
nftset=/russia9458.discord.gg/4#inet#fw4#vpn_domains
nftset=/russia9462.discord.gg/4#inet#fw4#vpn_domains
nftset=/russia9482.discord.gg/4#inet#fw4#vpn_domains
nftset=/russia9488.discord.gg/4#inet#fw4#vpn_domains
nftset=/russia9521.discord.gg/4#inet#fw4#vpn_domains
nftset=/russia9548.discord.gg/4#inet#fw4#vpn_domains
nftset=/russia9602.discord.gg/4#inet#fw4#vpn_domains
nftset=/russia9619.discord.gg/4#inet#fw4#vpn_domains
nftset=/russia9658.discord.gg/4#inet#fw4#vpn_domains
nftset=/russia9732.discord.gg/4#inet#fw4#vpn_domains
nftset=/russia9733.discord.gg/4#inet#fw4#vpn_domains
nftset=/russia9771.discord.gg/4#inet#fw4#vpn_domains
nftset=/russia9942.discord.gg/4#inet#fw4#vpn_domains
nftset=/bucharest1272.discord.gg/4#inet#fw4#vpn_domains
nftset=/bucharest1367.discord.gg/4#inet#fw4#vpn_domains
nftset=/bucharest146.discord.gg/4#inet#fw4#vpn_domains
nftset=/bucharest1552.discord.gg/4#inet#fw4#vpn_domains
nftset=/bucharest1590.discord.gg/4#inet#fw4#vpn_domains
nftset=/bucharest1654.discord.gg/4#inet#fw4#vpn_domains
nftset=/bucharest1729.discord.gg/4#inet#fw4#vpn_domains
nftset=/bucharest1832.discord.gg/4#inet#fw4#vpn_domains
nftset=/bucharest1838.discord.gg/4#inet#fw4#vpn_domains
nftset=/bucharest1896.discord.gg/4#inet#fw4#vpn_domains
nftset=/bucharest1900.discord.gg/4#inet#fw4#vpn_domains
nftset=/bucharest2096.discord.gg/4#inet#fw4#vpn_domains
nftset=/bucharest2139.discord.gg/4#inet#fw4#vpn_domains
nftset=/bucharest2232.discord.gg/4#inet#fw4#vpn_domains
nftset=/bucharest2635.discord.gg/4#inet#fw4#vpn_domains
nftset=/bucharest2637.discord.gg/4#inet#fw4#vpn_domains
nftset=/bucharest2693.discord.gg/4#inet#fw4#vpn_domains
nftset=/bucharest2697.discord.gg/4#inet#fw4#vpn_domains
nftset=/bucharest2737.discord.gg/4#inet#fw4#vpn_domains
nftset=/bucharest2980.discord.gg/4#inet#fw4#vpn_domains
nftset=/bucharest303.discord.gg/4#inet#fw4#vpn_domains
nftset=/bucharest3157.discord.gg/4#inet#fw4#vpn_domains
nftset=/bucharest3592.discord.gg/4#inet#fw4#vpn_domains
nftset=/bucharest3770.discord.gg/4#inet#fw4#vpn_domains
nftset=/bucharest4031.discord.gg/4#inet#fw4#vpn_domains
nftset=/bucharest4132.discord.gg/4#inet#fw4#vpn_domains
nftset=/bucharest421.discord.gg/4#inet#fw4#vpn_domains
nftset=/bucharest4450.discord.gg/4#inet#fw4#vpn_domains
nftset=/bucharest4787.discord.gg/4#inet#fw4#vpn_domains
nftset=/bucharest4872.discord.gg/4#inet#fw4#vpn_domains
nftset=/bucharest4950.discord.gg/4#inet#fw4#vpn_domains
nftset=/bucharest4993.discord.gg/4#inet#fw4#vpn_domains
nftset=/bucharest5248.discord.gg/4#inet#fw4#vpn_domains
nftset=/bucharest5334.discord.gg/4#inet#fw4#vpn_domains
nftset=/bucharest5368.discord.gg/4#inet#fw4#vpn_domains
nftset=/bucharest5424.discord.gg/4#inet#fw4#vpn_domains
nftset=/bucharest5485.discord.gg/4#inet#fw4#vpn_domains
nftset=/bucharest5587.discord.gg/4#inet#fw4#vpn_domains
nftset=/bucharest5732.discord.gg/4#inet#fw4#vpn_domains
nftset=/bucharest5799.discord.gg/4#inet#fw4#vpn_domains
nftset=/bucharest6032.discord.gg/4#inet#fw4#vpn_domains
nftset=/bucharest6099.discord.gg/4#inet#fw4#vpn_domains
nftset=/bucharest6196.discord.gg/4#inet#fw4#vpn_domains
nftset=/bucharest6267.discord.gg/4#inet#fw4#vpn_domains
nftset=/bucharest6542.discord.gg/4#inet#fw4#vpn_domains
nftset=/bucharest6555.discord.gg/4#inet#fw4#vpn_domains
nftset=/bucharest6664.discord.gg/4#inet#fw4#vpn_domains
nftset=/bucharest6907.discord.gg/4#inet#fw4#vpn_domains
nftset=/bucharest7042.discord.gg/4#inet#fw4#vpn_domains
nftset=/bucharest7479.discord.gg/4#inet#fw4#vpn_domains
nftset=/bucharest7482.discord.gg/4#inet#fw4#vpn_domains
nftset=/bucharest7591.discord.gg/4#inet#fw4#vpn_domains
nftset=/bucharest7684.discord.gg/4#inet#fw4#vpn_domains
nftset=/bucharest7981.discord.gg/4#inet#fw4#vpn_domains
nftset=/bucharest8178.discord.gg/4#inet#fw4#vpn_domains
nftset=/bucharest8213.discord.gg/4#inet#fw4#vpn_domains
nftset=/bucharest8275.discord.gg/4#inet#fw4#vpn_domains
nftset=/bucharest8466.discord.gg/4#inet#fw4#vpn_domains
nftset=/bucharest8528.discord.gg/4#inet#fw4#vpn_domains
nftset=/bucharest8668.discord.gg/4#inet#fw4#vpn_domains
nftset=/bucharest8756.discord.gg/4#inet#fw4#vpn_domains
nftset=/bucharest8992.discord.gg/4#inet#fw4#vpn_domains
nftset=/bucharest9080.discord.gg/4#inet#fw4#vpn_domains
nftset=/bucharest9417.discord.gg/4#inet#fw4#vpn_domains
nftset=/bucharest9592.discord.gg/4#inet#fw4#vpn_domains
nftset=/bucharest9623.discord.gg/4#inet#fw4#vpn_domains
nftset=/bucharest975.discord.gg/4#inet#fw4#vpn_domains
nftset=/finland10000.discord.gg/4#inet#fw4#vpn_domains
nftset=/finland10001.discord.gg/4#inet#fw4#vpn_domains
nftset=/finland10002.discord.gg/4#inet#fw4#vpn_domains
nftset=/finland10003.discord.gg/4#inet#fw4#vpn_domains
nftset=/finland10004.discord.gg/4#inet#fw4#vpn_domains
nftset=/finland10005.discord.gg/4#inet#fw4#vpn_domains
nftset=/finland10006.discord.gg/4#inet#fw4#vpn_domains
nftset=/finland10007.discord.gg/4#inet#fw4#vpn_domains
nftset=/finland10008.discord.gg/4#inet#fw4#vpn_domains
nftset=/finland10009.discord.gg/4#inet#fw4#vpn_domains
nftset=/finland10010.discord.gg/4#inet#fw4#vpn_domains
nftset=/finland10011.discord.gg/4#inet#fw4#vpn_domains
nftset=/finland10012.discord.gg/4#inet#fw4#vpn_domains
nftset=/finland10013.discord.gg/4#inet#fw4#vpn_domains
nftset=/finland10014.discord.gg/4#inet#fw4#vpn_domains
nftset=/finland10015.discord.gg/4#inet#fw4#vpn_domains
nftset=/finland10016.discord.gg/4#inet#fw4#vpn_domains
nftset=/finland10017.discord.gg/4#inet#fw4#vpn_domains
nftset=/finland10018.discord.gg/4#inet#fw4#vpn_domains
nftset=/finland10019.discord.gg/4#inet#fw4#vpn_domains
nftset=/finland10020.discord.gg/4#inet#fw4#vpn_domains
nftset=/finland10021.discord.gg/4#inet#fw4#vpn_domains
nftset=/finland10022.discord.gg/4#inet#fw4#vpn_domains
nftset=/finland10023.discord.gg/4#inet#fw4#vpn_domains
nftset=/finland10024.discord.gg/4#inet#fw4#vpn_domains
nftset=/finland10025.discord.gg/4#inet#fw4#vpn_domains
nftset=/finland10026.discord.gg/4#inet#fw4#vpn_domains
nftset=/finland10027.discord.gg/4#inet#fw4#vpn_domains
nftset=/finland10028.discord.gg/4#inet#fw4#vpn_domains
nftset=/finland10029.discord.gg/4#inet#fw4#vpn_domains
nftset=/finland10030.discord.gg/4#inet#fw4#vpn_domains
nftset=/finland10031.discord.gg/4#inet#fw4#vpn_domains
nftset=/finland10032.discord.gg/4#inet#fw4#vpn_domains
nftset=/finland10033.discord.gg/4#inet#fw4#vpn_domains
nftset=/finland10034.discord.gg/4#inet#fw4#vpn_domains
nftset=/finland10035.discord.gg/4#inet#fw4#vpn_domains
nftset=/finland10036.discord.gg/4#inet#fw4#vpn_domains
nftset=/finland10037.discord.gg/4#inet#fw4#vpn_domains
nftset=/finland10038.discord.gg/4#inet#fw4#vpn_domains
nftset=/finland10039.discord.gg/4#inet#fw4#vpn_domains
nftset=/finland10040.discord.gg/4#inet#fw4#vpn_domains
nftset=/finland10041.discord.gg/4#inet#fw4#vpn_domains
nftset=/finland10042.discord.gg/4#inet#fw4#vpn_domains
nftset=/finland10043.discord.gg/4#inet#fw4#vpn_domains
nftset=/finland10044.discord.gg/4#inet#fw4#vpn_domains
nftset=/finland10045.discord.gg/4#inet#fw4#vpn_domains
nftset=/finland10046.discord.gg/4#inet#fw4#vpn_domains
nftset=/finland10047.discord.gg/4#inet#fw4#vpn_domains
nftset=/finland10048.discord.gg/4#inet#fw4#vpn_domains
nftset=/finland10049.discord.gg/4#inet#fw4#vpn_domains
nftset=/finland10050.discord.gg/4#inet#fw4#vpn_domains
nftset=/finland10051.discord.gg/4#inet#fw4#vpn_domains
nftset=/finland10052.discord.gg/4#inet#fw4#vpn_domains
nftset=/finland10053.discord.gg/4#inet#fw4#vpn_domains
nftset=/finland10054.discord.gg/4#inet#fw4#vpn_domains
nftset=/finland10055.discord.gg/4#inet#fw4#vpn_domains
nftset=/finland10056.discord.gg/4#inet#fw4#vpn_domains
nftset=/finland10057.discord.gg/4#inet#fw4#vpn_domains
nftset=/finland10058.discord.gg/4#inet#fw4#vpn_domains
nftset=/finland10059.discord.gg/4#inet#fw4#vpn_domains
nftset=/finland10060.discord.gg/4#inet#fw4#vpn_domains
nftset=/finland10061.discord.gg/4#inet#fw4#vpn_domains
nftset=/finland10062.discord.gg/4#inet#fw4#vpn_domains
nftset=/finland10063.discord.gg/4#inet#fw4#vpn_domains
nftset=/finland10064.discord.gg/4#inet#fw4#vpn_domains
nftset=/finland10065.discord.gg/4#inet#fw4#vpn_domains
nftset=/finland10066.discord.gg/4#inet#fw4#vpn_domains
nftset=/finland10067.discord.gg/4#inet#fw4#vpn_domains
nftset=/finland10068.discord.gg/4#inet#fw4#vpn_domains
nftset=/finland10069.discord.gg/4#inet#fw4#vpn_domains
nftset=/finland10070.discord.gg/4#inet#fw4#vpn_domains
nftset=/finland10071.discord.gg/4#inet#fw4#vpn_domains
nftset=/finland10072.discord.gg/4#inet#fw4#vpn_domains
nftset=/finland10073.discord.gg/4#inet#fw4#vpn_domains
nftset=/finland10074.discord.gg/4#inet#fw4#vpn_domains
nftset=/finland10075.discord.gg/4#inet#fw4#vpn_domains
nftset=/finland10076.discord.gg/4#inet#fw4#vpn_domains
nftset=/finland10077.discord.gg/4#inet#fw4#vpn_domains
nftset=/finland10078.discord.gg/4#inet#fw4#vpn_domains
nftset=/finland10079.discord.gg/4#inet#fw4#vpn_domains
nftset=/finland10080.discord.gg/4#inet#fw4#vpn_domains
nftset=/finland10081.discord.gg/4#inet#fw4#vpn_domains
nftset=/finland10082.discord.gg/4#inet#fw4#vpn_domains
nftset=/finland10083.discord.gg/4#inet#fw4#vpn_domains
nftset=/finland10084.discord.gg/4#inet#fw4#vpn_domains
nftset=/finland10085.discord.gg/4#inet#fw4#vpn_domains
nftset=/finland10086.discord.gg/4#inet#fw4#vpn_domains
nftset=/finland10087.discord.gg/4#inet#fw4#vpn_domains
nftset=/finland10088.discord.gg/4#inet#fw4#vpn_domains
nftset=/finland10089.discord.gg/4#inet#fw4#vpn_domains
nftset=/finland10090.discord.gg/4#inet#fw4#vpn_domains
nftset=/finland10091.discord.gg/4#inet#fw4#vpn_domains
nftset=/finland10092.discord.gg/4#inet#fw4#vpn_domains
nftset=/finland10093.discord.gg/4#inet#fw4#vpn_domains
nftset=/finland10094.discord.gg/4#inet#fw4#vpn_domains
nftset=/finland10095.discord.gg/4#inet#fw4#vpn_domains
nftset=/finland10096.discord.gg/4#inet#fw4#vpn_domains
nftset=/finland10097.discord.gg/4#inet#fw4#vpn_domains
nftset=/finland10098.discord.gg/4#inet#fw4#vpn_domains
nftset=/finland10099.discord.gg/4#inet#fw4#vpn_domains
nftset=/finland10100.discord.gg/4#inet#fw4#vpn_domains
nftset=/finland10101.discord.gg/4#inet#fw4#vpn_domains
nftset=/finland10102.discord.gg/4#inet#fw4#vpn_domains
nftset=/finland10103.discord.gg/4#inet#fw4#vpn_domains
nftset=/finland10104.discord.gg/4#inet#fw4#vpn_domains
nftset=/finland10105.discord.gg/4#inet#fw4#vpn_domains
nftset=/finland10106.discord.gg/4#inet#fw4#vpn_domains
nftset=/finland10107.discord.gg/4#inet#fw4#vpn_domains
nftset=/finland10108.discord.gg/4#inet#fw4#vpn_domains
nftset=/finland10109.discord.gg/4#inet#fw4#vpn_domains
nftset=/finland10110.discord.gg/4#inet#fw4#vpn_domains
nftset=/finland10111.discord.gg/4#inet#fw4#vpn_domains
nftset=/finland10112.discord.gg/4#inet#fw4#vpn_domains
nftset=/finland10113.discord.gg/4#inet#fw4#vpn_domains
nftset=/finland10114.discord.gg/4#inet#fw4#vpn_domains
nftset=/finland10115.discord.gg/4#inet#fw4#vpn_domains
nftset=/finland10116.discord.gg/4#inet#fw4#vpn_domains
nftset=/finland10117.discord.gg/4#inet#fw4#vpn_domains
nftset=/finland10118.discord.gg/4#inet#fw4#vpn_domains
nftset=/finland10119.discord.gg/4#inet#fw4#vpn_domains
nftset=/finland10120.discord.gg/4#inet#fw4#vpn_domains
nftset=/finland10121.discord.gg/4#inet#fw4#vpn_domains
nftset=/finland10122.discord.gg/4#inet#fw4#vpn_domains
nftset=/finland10123.discord.gg/4#inet#fw4#vpn_domains
nftset=/finland10124.discord.gg/4#inet#fw4#vpn_domains
nftset=/finland10125.discord.gg/4#inet#fw4#vpn_domains
nftset=/finland10126.discord.gg/4#inet#fw4#vpn_domains
nftset=/finland10127.discord.gg/4#inet#fw4#vpn_domains
nftset=/finland10128.discord.gg/4#inet#fw4#vpn_domains
nftset=/finland10129.discord.gg/4#inet#fw4#vpn_domains
nftset=/finland10130.discord.gg/4#inet#fw4#vpn_domains
nftset=/finland10131.discord.gg/4#inet#fw4#vpn_domains
nftset=/finland10132.discord.gg/4#inet#fw4#vpn_domains
nftset=/finland10133.discord.gg/4#inet#fw4#vpn_domains
nftset=/frankfurt10000.discord.gg/4#inet#fw4#vpn_domains
nftset=/frankfurt10001.discord.gg/4#inet#fw4#vpn_domains
nftset=/frankfurt10002.discord.gg/4#inet#fw4#vpn_domains
nftset=/frankfurt10003.discord.gg/4#inet#fw4#vpn_domains
nftset=/frankfurt10004.discord.gg/4#inet#fw4#vpn_domains
nftset=/frankfurt10005.discord.gg/4#inet#fw4#vpn_domains
nftset=/frankfurt10006.discord.gg/4#inet#fw4#vpn_domains
nftset=/frankfurt10007.discord.gg/4#inet#fw4#vpn_domains
nftset=/frankfurt10008.discord.gg/4#inet#fw4#vpn_domains
nftset=/frankfurt10009.discord.gg/4#inet#fw4#vpn_domains
nftset=/frankfurt10010.discord.gg/4#inet#fw4#vpn_domains
nftset=/frankfurt10011.discord.gg/4#inet#fw4#vpn_domains
nftset=/frankfurt10012.discord.gg/4#inet#fw4#vpn_domains
nftset=/frankfurt10013.discord.gg/4#inet#fw4#vpn_domains
nftset=/frankfurt10014.discord.gg/4#inet#fw4#vpn_domains
nftset=/frankfurt10015.discord.gg/4#inet#fw4#vpn_domains
nftset=/frankfurt10016.discord.gg/4#inet#fw4#vpn_domains
nftset=/frankfurt10017.discord.gg/4#inet#fw4#vpn_domains
nftset=/frankfurt10018.discord.gg/4#inet#fw4#vpn_domains
nftset=/frankfurt10019.discord.gg/4#inet#fw4#vpn_domains
nftset=/frankfurt10020.discord.gg/4#inet#fw4#vpn_domains
nftset=/frankfurt10021.discord.gg/4#inet#fw4#vpn_domains
nftset=/frankfurt10022.discord.gg/4#inet#fw4#vpn_domains
nftset=/frankfurt10023.discord.gg/4#inet#fw4#vpn_domains
nftset=/frankfurt10024.discord.gg/4#inet#fw4#vpn_domains
nftset=/frankfurt10025.discord.gg/4#inet#fw4#vpn_domains
nftset=/frankfurt10026.discord.gg/4#inet#fw4#vpn_domains
nftset=/frankfurt10027.discord.gg/4#inet#fw4#vpn_domains
nftset=/frankfurt10028.discord.gg/4#inet#fw4#vpn_domains
nftset=/frankfurt10029.discord.gg/4#inet#fw4#vpn_domains
nftset=/frankfurt10030.discord.gg/4#inet#fw4#vpn_domains
nftset=/frankfurt10031.discord.gg/4#inet#fw4#vpn_domains
nftset=/frankfurt10032.discord.gg/4#inet#fw4#vpn_domains
nftset=/frankfurt10033.discord.gg/4#inet#fw4#vpn_domains
nftset=/frankfurt10034.discord.gg/4#inet#fw4#vpn_domains
nftset=/frankfurt10035.discord.gg/4#inet#fw4#vpn_domains
nftset=/frankfurt10036.discord.gg/4#inet#fw4#vpn_domains
nftset=/frankfurt10037.discord.gg/4#inet#fw4#vpn_domains
nftset=/frankfurt10038.discord.gg/4#inet#fw4#vpn_domains
nftset=/frankfurt10039.discord.gg/4#inet#fw4#vpn_domains
nftset=/frankfurt10040.discord.gg/4#inet#fw4#vpn_domains
nftset=/frankfurt10041.discord.gg/4#inet#fw4#vpn_domains
nftset=/frankfurt10042.discord.gg/4#inet#fw4#vpn_domains
nftset=/frankfurt10043.discord.gg/4#inet#fw4#vpn_domains
nftset=/frankfurt10044.discord.gg/4#inet#fw4#vpn_domains
nftset=/frankfurt10045.discord.gg/4#inet#fw4#vpn_domains
nftset=/frankfurt10046.discord.gg/4#inet#fw4#vpn_domains
nftset=/frankfurt10047.discord.gg/4#inet#fw4#vpn_domains
nftset=/frankfurt10048.discord.gg/4#inet#fw4#vpn_domains
nftset=/frankfurt10049.discord.gg/4#inet#fw4#vpn_domains
nftset=/frankfurt10050.discord.gg/4#inet#fw4#vpn_domains
nftset=/frankfurt10051.discord.gg/4#inet#fw4#vpn_domains
nftset=/frankfurt10052.discord.gg/4#inet#fw4#vpn_domains
nftset=/frankfurt10053.discord.gg/4#inet#fw4#vpn_domains
nftset=/frankfurt10054.discord.gg/4#inet#fw4#vpn_domains
nftset=/frankfurt10055.discord.gg/4#inet#fw4#vpn_domains
nftset=/frankfurt10056.discord.gg/4#inet#fw4#vpn_domains
nftset=/frankfurt10057.discord.gg/4#inet#fw4#vpn_domains
nftset=/frankfurt10058.discord.gg/4#inet#fw4#vpn_domains
nftset=/frankfurt10059.discord.gg/4#inet#fw4#vpn_domains
nftset=/frankfurt10060.discord.gg/4#inet#fw4#vpn_domains
nftset=/frankfurt10061.discord.gg/4#inet#fw4#vpn_domains
nftset=/frankfurt10062.discord.gg/4#inet#fw4#vpn_domains
nftset=/frankfurt10063.discord.gg/4#inet#fw4#vpn_domains
nftset=/frankfurt10064.discord.gg/4#inet#fw4#vpn_domains
nftset=/frankfurt10065.discord.gg/4#inet#fw4#vpn_domains
nftset=/frankfurt10066.discord.gg/4#inet#fw4#vpn_domains
nftset=/frankfurt10067.discord.gg/4#inet#fw4#vpn_domains
nftset=/frankfurt10068.discord.gg/4#inet#fw4#vpn_domains
nftset=/frankfurt10069.discord.gg/4#inet#fw4#vpn_domains
nftset=/frankfurt10070.discord.gg/4#inet#fw4#vpn_domains
nftset=/frankfurt10071.discord.gg/4#inet#fw4#vpn_domains
nftset=/frankfurt10072.discord.gg/4#inet#fw4#vpn_domains
nftset=/frankfurt10073.discord.gg/4#inet#fw4#vpn_domains
nftset=/frankfurt10074.discord.gg/4#inet#fw4#vpn_domains
nftset=/frankfurt10075.discord.gg/4#inet#fw4#vpn_domains
nftset=/frankfurt10076.discord.gg/4#inet#fw4#vpn_domains
nftset=/frankfurt10077.discord.gg/4#inet#fw4#vpn_domains
nftset=/frankfurt10078.discord.gg/4#inet#fw4#vpn_domains
nftset=/frankfurt10079.discord.gg/4#inet#fw4#vpn_domains
nftset=/frankfurt10080.discord.gg/4#inet#fw4#vpn_domains
nftset=/frankfurt10081.discord.gg/4#inet#fw4#vpn_domains
nftset=/frankfurt10082.discord.gg/4#inet#fw4#vpn_domains
nftset=/frankfurt10083.discord.gg/4#inet#fw4#vpn_domains
nftset=/frankfurt10084.discord.gg/4#inet#fw4#vpn_domains
nftset=/frankfurt10085.discord.gg/4#inet#fw4#vpn_domains
nftset=/frankfurt10086.discord.gg/4#inet#fw4#vpn_domains
nftset=/frankfurt10087.discord.gg/4#inet#fw4#vpn_domains
nftset=/frankfurt10088.discord.gg/4#inet#fw4#vpn_domains
nftset=/frankfurt10089.discord.gg/4#inet#fw4#vpn_domains
nftset=/frankfurt10090.discord.gg/4#inet#fw4#vpn_domains
nftset=/frankfurt10091.discord.gg/4#inet#fw4#vpn_domains
nftset=/frankfurt10092.discord.gg/4#inet#fw4#vpn_domains
nftset=/frankfurt10093.discord.gg/4#inet#fw4#vpn_domains
nftset=/frankfurt10094.discord.gg/4#inet#fw4#vpn_domains
nftset=/frankfurt10095.discord.gg/4#inet#fw4#vpn_domains
nftset=/frankfurt10096.discord.gg/4#inet#fw4#vpn_domains
nftset=/frankfurt10097.discord.gg/4#inet#fw4#vpn_domains
nftset=/frankfurt10098.discord.gg/4#inet#fw4#vpn_domains
nftset=/frankfurt10099.discord.gg/4#inet#fw4#vpn_domains
nftset=/frankfurt10100.discord.gg/4#inet#fw4#vpn_domains
nftset=/frankfurt10101.discord.gg/4#inet#fw4#vpn_domains
nftset=/frankfurt10102.discord.gg/4#inet#fw4#vpn_domains
nftset=/frankfurt10103.discord.gg/4#inet#fw4#vpn_domains
nftset=/frankfurt10104.discord.gg/4#inet#fw4#vpn_domains
nftset=/frankfurt10105.discord.gg/4#inet#fw4#vpn_domains
nftset=/frankfurt10106.discord.gg/4#inet#fw4#vpn_domains
nftset=/frankfurt10107.discord.gg/4#inet#fw4#vpn_domains
nftset=/frankfurt10108.discord.gg/4#inet#fw4#vpn_domains
nftset=/frankfurt10109.discord.gg/4#inet#fw4#vpn_domains
nftset=/frankfurt10110.discord.gg/4#inet#fw4#vpn_domains
nftset=/frankfurt10111.discord.gg/4#inet#fw4#vpn_domains
nftset=/frankfurt10112.discord.gg/4#inet#fw4#vpn_domains
nftset=/frankfurt10113.discord.gg/4#inet#fw4#vpn_domains
nftset=/frankfurt10114.discord.gg/4#inet#fw4#vpn_domains
nftset=/frankfurt10115.discord.gg/4#inet#fw4#vpn_domains
nftset=/frankfurt10116.discord.gg/4#inet#fw4#vpn_domains
nftset=/frankfurt10117.discord.gg/4#inet#fw4#vpn_domains
nftset=/frankfurt10118.discord.gg/4#inet#fw4#vpn_domains
nftset=/frankfurt10119.discord.gg/4#inet#fw4#vpn_domains
nftset=/frankfurt10120.discord.gg/4#inet#fw4#vpn_domains
nftset=/frankfurt10121.discord.gg/4#inet#fw4#vpn_domains
nftset=/frankfurt10122.discord.gg/4#inet#fw4#vpn_domains
nftset=/frankfurt10123.discord.gg/4#inet#fw4#vpn_domains
nftset=/frankfurt10124.discord.gg/4#inet#fw4#vpn_domains
nftset=/frankfurt10125.discord.gg/4#inet#fw4#vpn_domains
nftset=/frankfurt10126.discord.gg/4#inet#fw4#vpn_domains
nftset=/frankfurt10127.discord.gg/4#inet#fw4#vpn_domains
nftset=/frankfurt10128.discord.gg/4#inet#fw4#vpn_domains
nftset=/frankfurt10129.discord.gg/4#inet#fw4#vpn_domains
nftset=/frankfurt10130.discord.gg/4#inet#fw4#vpn_domains
nftset=/frankfurt10131.discord.gg/4#inet#fw4#vpn_domains
nftset=/frankfurt10132.discord.gg/4#inet#fw4#vpn_domains
nftset=/frankfurt10133.discord.gg/4#inet#fw4#vpn_domains
nftset=/frankfurt10134.discord.gg/4#inet#fw4#vpn_domains
nftset=/frankfurt10135.discord.gg/4#inet#fw4#vpn_domains
nftset=/frankfurt10136.discord.gg/4#inet#fw4#vpn_domains
nftset=/frankfurt10137.discord.gg/4#inet#fw4#vpn_domains
nftset=/frankfurt10138.discord.gg/4#inet#fw4#vpn_domains
nftset=/frankfurt10139.discord.gg/4#inet#fw4#vpn_domains
nftset=/frankfurt10140.discord.gg/4#inet#fw4#vpn_domains
nftset=/frankfurt10141.discord.gg/4#inet#fw4#vpn_domains
nftset=/frankfurt10142.discord.gg/4#inet#fw4#vpn_domains
nftset=/frankfurt10143.discord.gg/4#inet#fw4#vpn_domains
nftset=/frankfurt10144.discord.gg/4#inet#fw4#vpn_domains
nftset=/frankfurt10145.discord.gg/4#inet#fw4#vpn_domains
nftset=/frankfurt10146.discord.gg/4#inet#fw4#vpn_domains
nftset=/frankfurt10147.discord.gg/4#inet#fw4#vpn_domains
nftset=/frankfurt10148.discord.gg/4#inet#fw4#vpn_domains
nftset=/frankfurt10149.discord.gg/4#inet#fw4#vpn_domains
nftset=/frankfurt10150.discord.gg/4#inet#fw4#vpn_domains
nftset=/frankfurt10151.discord.gg/4#inet#fw4#vpn_domains
nftset=/frankfurt10152.discord.gg/4#inet#fw4#vpn_domains
nftset=/frankfurt10153.discord.gg/4#inet#fw4#vpn_domains
nftset=/frankfurt10154.discord.gg/4#inet#fw4#vpn_domains
nftset=/frankfurt10155.discord.gg/4#inet#fw4#vpn_domains
nftset=/frankfurt10156.discord.gg/4#inet#fw4#vpn_domains
nftset=/frankfurt10157.discord.gg/4#inet#fw4#vpn_domains
nftset=/frankfurt10158.discord.gg/4#inet#fw4#vpn_domains
nftset=/frankfurt10159.discord.gg/4#inet#fw4#vpn_domains
nftset=/frankfurt10160.discord.gg/4#inet#fw4#vpn_domains
nftset=/frankfurt10161.discord.gg/4#inet#fw4#vpn_domains
nftset=/frankfurt10162.discord.gg/4#inet#fw4#vpn_domains
nftset=/frankfurt10163.discord.gg/4#inet#fw4#vpn_domains
nftset=/frankfurt10164.discord.gg/4#inet#fw4#vpn_domains
nftset=/frankfurt10165.discord.gg/4#inet#fw4#vpn_domains
nftset=/frankfurt10166.discord.gg/4#inet#fw4#vpn_domains
nftset=/frankfurt10167.discord.gg/4#inet#fw4#vpn_domains
nftset=/frankfurt10168.discord.gg/4#inet#fw4#vpn_domains
nftset=/frankfurt10169.discord.gg/4#inet#fw4#vpn_domains
nftset=/frankfurt10170.discord.gg/4#inet#fw4#vpn_domains
nftset=/frankfurt10171.discord.gg/4#inet#fw4#vpn_domains
nftset=/frankfurt10172.discord.gg/4#inet#fw4#vpn_domains
nftset=/frankfurt10173.discord.gg/4#inet#fw4#vpn_domains
nftset=/frankfurt10174.discord.gg/4#inet#fw4#vpn_domains
nftset=/frankfurt10175.discord.gg/4#inet#fw4#vpn_domains
nftset=/frankfurt10176.discord.gg/4#inet#fw4#vpn_domains
nftset=/frankfurt10177.discord.gg/4#inet#fw4#vpn_domains
nftset=/frankfurt10178.discord.gg/4#inet#fw4#vpn_domains
nftset=/frankfurt10179.discord.gg/4#inet#fw4#vpn_domains
nftset=/frankfurt10180.discord.gg/4#inet#fw4#vpn_domains
nftset=/frankfurt10181.discord.gg/4#inet#fw4#vpn_domains
nftset=/frankfurt1045.discord.gg/4#inet#fw4#vpn_domains
nftset=/frankfurt1059.discord.gg/4#inet#fw4#vpn_domains
nftset=/frankfurt1078.discord.gg/4#inet#fw4#vpn_domains
nftset=/frankfurt1173.discord.gg/4#inet#fw4#vpn_domains
nftset=/frankfurt130.discord.gg/4#inet#fw4#vpn_domains
nftset=/frankfurt1311.discord.gg/4#inet#fw4#vpn_domains
nftset=/frankfurt1346.discord.gg/4#inet#fw4#vpn_domains
nftset=/frankfurt1591.discord.gg/4#inet#fw4#vpn_domains
nftset=/frankfurt1638.discord.gg/4#inet#fw4#vpn_domains
nftset=/frankfurt1656.discord.gg/4#inet#fw4#vpn_domains
nftset=/frankfurt1696.discord.gg/4#inet#fw4#vpn_domains
nftset=/frankfurt1699.discord.gg/4#inet#fw4#vpn_domains
nftset=/frankfurt1786.discord.gg/4#inet#fw4#vpn_domains
nftset=/frankfurt1820.discord.gg/4#inet#fw4#vpn_domains
nftset=/frankfurt1899.discord.gg/4#inet#fw4#vpn_domains
nftset=/frankfurt2034.discord.gg/4#inet#fw4#vpn_domains
nftset=/frankfurt2157.discord.gg/4#inet#fw4#vpn_domains
nftset=/frankfurt2246.discord.gg/4#inet#fw4#vpn_domains
nftset=/frankfurt2292.discord.gg/4#inet#fw4#vpn_domains
nftset=/frankfurt2336.discord.gg/4#inet#fw4#vpn_domains
nftset=/frankfurt2453.discord.gg/4#inet#fw4#vpn_domains
nftset=/frankfurt2601.discord.gg/4#inet#fw4#vpn_domains
nftset=/frankfurt2704.discord.gg/4#inet#fw4#vpn_domains
nftset=/frankfurt2803.discord.gg/4#inet#fw4#vpn_domains
nftset=/frankfurt2951.discord.gg/4#inet#fw4#vpn_domains
nftset=/frankfurt3081.discord.gg/4#inet#fw4#vpn_domains
nftset=/frankfurt3111.discord.gg/4#inet#fw4#vpn_domains
nftset=/frankfurt3379.discord.gg/4#inet#fw4#vpn_domains
nftset=/frankfurt3441.discord.gg/4#inet#fw4#vpn_domains
nftset=/frankfurt3445.discord.gg/4#inet#fw4#vpn_domains
nftset=/frankfurt3498.discord.gg/4#inet#fw4#vpn_domains
nftset=/frankfurt3687.discord.gg/4#inet#fw4#vpn_domains
nftset=/frankfurt3701.discord.gg/4#inet#fw4#vpn_domains
nftset=/frankfurt3916.discord.gg/4#inet#fw4#vpn_domains
nftset=/frankfurt3959.discord.gg/4#inet#fw4#vpn_domains
nftset=/frankfurt4038.discord.gg/4#inet#fw4#vpn_domains
nftset=/frankfurt4201.discord.gg/4#inet#fw4#vpn_domains
nftset=/frankfurt4302.discord.gg/4#inet#fw4#vpn_domains
nftset=/frankfurt4327.discord.gg/4#inet#fw4#vpn_domains
nftset=/frankfurt4480.discord.gg/4#inet#fw4#vpn_domains
nftset=/frankfurt4488.discord.gg/4#inet#fw4#vpn_domains
nftset=/frankfurt449.discord.gg/4#inet#fw4#vpn_domains
nftset=/frankfurt4492.discord.gg/4#inet#fw4#vpn_domains
nftset=/frankfurt4550.discord.gg/4#inet#fw4#vpn_domains
nftset=/frankfurt4761.discord.gg/4#inet#fw4#vpn_domains
nftset=/frankfurt4785.discord.gg/4#inet#fw4#vpn_domains
nftset=/frankfurt487.discord.gg/4#inet#fw4#vpn_domains
nftset=/frankfurt4896.discord.gg/4#inet#fw4#vpn_domains
nftset=/frankfurt4932.discord.gg/4#inet#fw4#vpn_domains
nftset=/frankfurt4955.discord.gg/4#inet#fw4#vpn_domains
nftset=/frankfurt5049.discord.gg/4#inet#fw4#vpn_domains
nftset=/frankfurt5081.discord.gg/4#inet#fw4#vpn_domains
nftset=/frankfurt5219.discord.gg/4#inet#fw4#vpn_domains
nftset=/frankfurt5297.discord.gg/4#inet#fw4#vpn_domains
nftset=/frankfurt5322.discord.gg/4#inet#fw4#vpn_domains
nftset=/frankfurt5373.discord.gg/4#inet#fw4#vpn_domains
nftset=/frankfurt5438.discord.gg/4#inet#fw4#vpn_domains
nftset=/frankfurt5720.discord.gg/4#inet#fw4#vpn_domains
nftset=/frankfurt5831.discord.gg/4#inet#fw4#vpn_domains
nftset=/frankfurt586.discord.gg/4#inet#fw4#vpn_domains
nftset=/frankfurt598.discord.gg/4#inet#fw4#vpn_domains
nftset=/frankfurt6000.discord.gg/4#inet#fw4#vpn_domains
nftset=/frankfurt6047.discord.gg/4#inet#fw4#vpn_domains
nftset=/frankfurt6188.discord.gg/4#inet#fw4#vpn_domains
nftset=/frankfurt6391.discord.gg/4#inet#fw4#vpn_domains
nftset=/frankfurt6482.discord.gg/4#inet#fw4#vpn_domains
nftset=/frankfurt6526.discord.gg/4#inet#fw4#vpn_domains
nftset=/frankfurt6542.discord.gg/4#inet#fw4#vpn_domains
nftset=/frankfurt659.discord.gg/4#inet#fw4#vpn_domains
nftset=/frankfurt6753.discord.gg/4#inet#fw4#vpn_domains
nftset=/frankfurt6763.discord.gg/4#inet#fw4#vpn_domains
nftset=/frankfurt6770.discord.gg/4#inet#fw4#vpn_domains
nftset=/frankfurt6966.discord.gg/4#inet#fw4#vpn_domains
nftset=/frankfurt6969.discord.gg/4#inet#fw4#vpn_domains
nftset=/frankfurt7098.discord.gg/4#inet#fw4#vpn_domains
nftset=/frankfurt7186.discord.gg/4#inet#fw4#vpn_domains
nftset=/frankfurt7254.discord.gg/4#inet#fw4#vpn_domains
nftset=/frankfurt7288.discord.gg/4#inet#fw4#vpn_domains
nftset=/frankfurt7379.discord.gg/4#inet#fw4#vpn_domains
nftset=/frankfurt738.discord.gg/4#inet#fw4#vpn_domains
nftset=/frankfurt739.discord.gg/4#inet#fw4#vpn_domains
nftset=/frankfurt7479.discord.gg/4#inet#fw4#vpn_domains
nftset=/frankfurt7480.discord.gg/4#inet#fw4#vpn_domains
nftset=/frankfurt7537.discord.gg/4#inet#fw4#vpn_domains
nftset=/frankfurt7848.discord.gg/4#inet#fw4#vpn_domains
nftset=/frankfurt7869.discord.gg/4#inet#fw4#vpn_domains
nftset=/frankfurt8128.discord.gg/4#inet#fw4#vpn_domains
nftset=/frankfurt8139.discord.gg/4#inet#fw4#vpn_domains
nftset=/frankfurt8162.discord.gg/4#inet#fw4#vpn_domains
nftset=/frankfurt8236.discord.gg/4#inet#fw4#vpn_domains
nftset=/frankfurt829.discord.gg/4#inet#fw4#vpn_domains
nftset=/frankfurt8408.discord.gg/4#inet#fw4#vpn_domains
nftset=/frankfurt8431.discord.gg/4#inet#fw4#vpn_domains
nftset=/frankfurt8457.discord.gg/4#inet#fw4#vpn_domains
nftset=/frankfurt85.discord.gg/4#inet#fw4#vpn_domains
nftset=/frankfurt8611.discord.gg/4#inet#fw4#vpn_domains
nftset=/frankfurt8620.discord.gg/4#inet#fw4#vpn_domains
nftset=/frankfurt8640.discord.gg/4#inet#fw4#vpn_domains
nftset=/frankfurt8647.discord.gg/4#inet#fw4#vpn_domains
nftset=/frankfurt8784.discord.gg/4#inet#fw4#vpn_domains
nftset=/frankfurt882.discord.gg/4#inet#fw4#vpn_domains
nftset=/frankfurt8990.discord.gg/4#inet#fw4#vpn_domains
nftset=/frankfurt9188.discord.gg/4#inet#fw4#vpn_domains
nftset=/frankfurt9428.discord.gg/4#inet#fw4#vpn_domains
nftset=/frankfurt9654.discord.gg/4#inet#fw4#vpn_domains
nftset=/frankfurt9728.discord.gg/4#inet#fw4#vpn_domains
nftset=/frankfurt9970.discord.gg/4#inet#fw4#vpn_domains
nftset=/frankfurt9985.discord.gg/4#inet#fw4#vpn_domains
nftset=/madrid10000.discord.gg/4#inet#fw4#vpn_domains
nftset=/madrid10001.discord.gg/4#inet#fw4#vpn_domains
nftset=/madrid10002.discord.gg/4#inet#fw4#vpn_domains
nftset=/madrid10003.discord.gg/4#inet#fw4#vpn_domains
nftset=/madrid10004.discord.gg/4#inet#fw4#vpn_domains
nftset=/madrid10005.discord.gg/4#inet#fw4#vpn_domains
nftset=/madrid10006.discord.gg/4#inet#fw4#vpn_domains
nftset=/madrid10007.discord.gg/4#inet#fw4#vpn_domains
nftset=/madrid10008.discord.gg/4#inet#fw4#vpn_domains
nftset=/madrid10009.discord.gg/4#inet#fw4#vpn_domains
nftset=/madrid10010.discord.gg/4#inet#fw4#vpn_domains
nftset=/madrid10011.discord.gg/4#inet#fw4#vpn_domains
nftset=/madrid10012.discord.gg/4#inet#fw4#vpn_domains
nftset=/madrid10013.discord.gg/4#inet#fw4#vpn_domains
nftset=/madrid10014.discord.gg/4#inet#fw4#vpn_domains
nftset=/madrid10015.discord.gg/4#inet#fw4#vpn_domains
nftset=/madrid10016.discord.gg/4#inet#fw4#vpn_domains
nftset=/madrid10017.discord.gg/4#inet#fw4#vpn_domains
nftset=/madrid10018.discord.gg/4#inet#fw4#vpn_domains
nftset=/madrid10019.discord.gg/4#inet#fw4#vpn_domains
nftset=/madrid10020.discord.gg/4#inet#fw4#vpn_domains
nftset=/madrid10021.discord.gg/4#inet#fw4#vpn_domains
nftset=/madrid10022.discord.gg/4#inet#fw4#vpn_domains
nftset=/madrid10023.discord.gg/4#inet#fw4#vpn_domains
nftset=/madrid10024.discord.gg/4#inet#fw4#vpn_domains
nftset=/madrid10025.discord.gg/4#inet#fw4#vpn_domains
nftset=/madrid10026.discord.gg/4#inet#fw4#vpn_domains
nftset=/madrid10027.discord.gg/4#inet#fw4#vpn_domains
nftset=/madrid10028.discord.gg/4#inet#fw4#vpn_domains
nftset=/madrid10029.discord.gg/4#inet#fw4#vpn_domains
nftset=/madrid10030.discord.gg/4#inet#fw4#vpn_domains
nftset=/madrid10031.discord.gg/4#inet#fw4#vpn_domains
nftset=/madrid10032.discord.gg/4#inet#fw4#vpn_domains
nftset=/madrid10033.discord.gg/4#inet#fw4#vpn_domains
nftset=/madrid10034.discord.gg/4#inet#fw4#vpn_domains
nftset=/madrid10035.discord.gg/4#inet#fw4#vpn_domains
nftset=/madrid10036.discord.gg/4#inet#fw4#vpn_domains
nftset=/madrid10037.discord.gg/4#inet#fw4#vpn_domains
nftset=/madrid10038.discord.gg/4#inet#fw4#vpn_domains
nftset=/madrid10039.discord.gg/4#inet#fw4#vpn_domains
nftset=/madrid10040.discord.gg/4#inet#fw4#vpn_domains
nftset=/madrid10041.discord.gg/4#inet#fw4#vpn_domains
nftset=/madrid10042.discord.gg/4#inet#fw4#vpn_domains
nftset=/madrid10043.discord.gg/4#inet#fw4#vpn_domains
nftset=/madrid10044.discord.gg/4#inet#fw4#vpn_domains
nftset=/madrid10045.discord.gg/4#inet#fw4#vpn_domains
nftset=/madrid10046.discord.gg/4#inet#fw4#vpn_domains
nftset=/madrid10047.discord.gg/4#inet#fw4#vpn_domains
nftset=/madrid10048.discord.gg/4#inet#fw4#vpn_domains
nftset=/madrid10049.discord.gg/4#inet#fw4#vpn_domains
nftset=/madrid10050.discord.gg/4#inet#fw4#vpn_domains
nftset=/madrid10051.discord.gg/4#inet#fw4#vpn_domains
nftset=/madrid10052.discord.gg/4#inet#fw4#vpn_domains
nftset=/madrid10053.discord.gg/4#inet#fw4#vpn_domains
nftset=/madrid10054.discord.gg/4#inet#fw4#vpn_domains
nftset=/madrid10055.discord.gg/4#inet#fw4#vpn_domains
nftset=/madrid10056.discord.gg/4#inet#fw4#vpn_domains
nftset=/madrid10057.discord.gg/4#inet#fw4#vpn_domains
nftset=/madrid10058.discord.gg/4#inet#fw4#vpn_domains
nftset=/madrid10059.discord.gg/4#inet#fw4#vpn_domains
nftset=/madrid10060.discord.gg/4#inet#fw4#vpn_domains
nftset=/madrid10061.discord.gg/4#inet#fw4#vpn_domains
nftset=/madrid10062.discord.gg/4#inet#fw4#vpn_domains
nftset=/madrid1038.discord.gg/4#inet#fw4#vpn_domains
nftset=/madrid1149.discord.gg/4#inet#fw4#vpn_domains
nftset=/madrid116.discord.gg/4#inet#fw4#vpn_domains
nftset=/madrid1228.discord.gg/4#inet#fw4#vpn_domains
nftset=/madrid1246.discord.gg/4#inet#fw4#vpn_domains
nftset=/madrid1449.discord.gg/4#inet#fw4#vpn_domains
nftset=/madrid15.discord.gg/4#inet#fw4#vpn_domains
nftset=/madrid1857.discord.gg/4#inet#fw4#vpn_domains
nftset=/madrid1927.discord.gg/4#inet#fw4#vpn_domains
nftset=/madrid1944.discord.gg/4#inet#fw4#vpn_domains
nftset=/madrid1975.discord.gg/4#inet#fw4#vpn_domains
nftset=/madrid2351.discord.gg/4#inet#fw4#vpn_domains
nftset=/madrid2843.discord.gg/4#inet#fw4#vpn_domains
nftset=/madrid3344.discord.gg/4#inet#fw4#vpn_domains
nftset=/madrid3391.discord.gg/4#inet#fw4#vpn_domains
nftset=/madrid3753.discord.gg/4#inet#fw4#vpn_domains
nftset=/madrid3930.discord.gg/4#inet#fw4#vpn_domains
nftset=/madrid4296.discord.gg/4#inet#fw4#vpn_domains
nftset=/madrid4770.discord.gg/4#inet#fw4#vpn_domains
nftset=/madrid4790.discord.gg/4#inet#fw4#vpn_domains
nftset=/madrid53.discord.gg/4#inet#fw4#vpn_domains
nftset=/madrid5488.discord.gg/4#inet#fw4#vpn_domains
nftset=/madrid6250.discord.gg/4#inet#fw4#vpn_domains
nftset=/madrid631.discord.gg/4#inet#fw4#vpn_domains
nftset=/madrid6516.discord.gg/4#inet#fw4#vpn_domains
nftset=/madrid657.discord.gg/4#inet#fw4#vpn_domains
nftset=/madrid719.discord.gg/4#inet#fw4#vpn_domains
nftset=/madrid724.discord.gg/4#inet#fw4#vpn_domains
nftset=/madrid7256.discord.gg/4#inet#fw4#vpn_domains
nftset=/madrid743.discord.gg/4#inet#fw4#vpn_domains
nftset=/madrid7764.discord.gg/4#inet#fw4#vpn_domains
nftset=/madrid7930.discord.gg/4#inet#fw4#vpn_domains
nftset=/madrid8367.discord.gg/4#inet#fw4#vpn_domains
nftset=/madrid8671.discord.gg/4#inet#fw4#vpn_domains
nftset=/madrid8807.discord.gg/4#inet#fw4#vpn_domains
nftset=/madrid9168.discord.gg/4#inet#fw4#vpn_domains
nftset=/madrid9635.discord.gg/4#inet#fw4#vpn_domains
nftset=/madrid9811.discord.gg/4#inet#fw4#vpn_domains
nftset=/madrid9918.discord.gg/4#inet#fw4#vpn_domains
nftset=/milan10000.discord.gg/4#inet#fw4#vpn_domains
nftset=/milan10001.discord.gg/4#inet#fw4#vpn_domains
nftset=/milan10002.discord.gg/4#inet#fw4#vpn_domains
nftset=/milan10003.discord.gg/4#inet#fw4#vpn_domains
nftset=/milan10004.discord.gg/4#inet#fw4#vpn_domains
nftset=/milan10005.discord.gg/4#inet#fw4#vpn_domains
nftset=/milan10006.discord.gg/4#inet#fw4#vpn_domains
nftset=/milan10007.discord.gg/4#inet#fw4#vpn_domains
nftset=/milan10008.discord.gg/4#inet#fw4#vpn_domains
nftset=/milan10009.discord.gg/4#inet#fw4#vpn_domains
nftset=/milan10010.discord.gg/4#inet#fw4#vpn_domains
nftset=/milan10011.discord.gg/4#inet#fw4#vpn_domains
nftset=/milan10012.discord.gg/4#inet#fw4#vpn_domains
nftset=/milan10013.discord.gg/4#inet#fw4#vpn_domains
nftset=/milan10014.discord.gg/4#inet#fw4#vpn_domains
nftset=/milan10015.discord.gg/4#inet#fw4#vpn_domains
nftset=/milan10016.discord.gg/4#inet#fw4#vpn_domains
nftset=/milan10017.discord.gg/4#inet#fw4#vpn_domains
nftset=/milan10018.discord.gg/4#inet#fw4#vpn_domains
nftset=/milan10019.discord.gg/4#inet#fw4#vpn_domains
nftset=/milan10020.discord.gg/4#inet#fw4#vpn_domains
nftset=/milan10021.discord.gg/4#inet#fw4#vpn_domains
nftset=/milan10022.discord.gg/4#inet#fw4#vpn_domains
nftset=/milan10023.discord.gg/4#inet#fw4#vpn_domains
nftset=/milan10024.discord.gg/4#inet#fw4#vpn_domains
nftset=/milan10025.discord.gg/4#inet#fw4#vpn_domains
nftset=/milan10026.discord.gg/4#inet#fw4#vpn_domains
nftset=/milan10027.discord.gg/4#inet#fw4#vpn_domains
nftset=/milan10028.discord.gg/4#inet#fw4#vpn_domains
nftset=/milan10029.discord.gg/4#inet#fw4#vpn_domains
nftset=/milan10030.discord.gg/4#inet#fw4#vpn_domains
nftset=/milan10031.discord.gg/4#inet#fw4#vpn_domains
nftset=/milan10032.discord.gg/4#inet#fw4#vpn_domains
nftset=/milan10033.discord.gg/4#inet#fw4#vpn_domains
nftset=/milan10034.discord.gg/4#inet#fw4#vpn_domains
nftset=/milan10035.discord.gg/4#inet#fw4#vpn_domains
nftset=/milan10036.discord.gg/4#inet#fw4#vpn_domains
nftset=/milan10037.discord.gg/4#inet#fw4#vpn_domains
nftset=/milan10038.discord.gg/4#inet#fw4#vpn_domains
nftset=/milan10039.discord.gg/4#inet#fw4#vpn_domains
nftset=/milan10040.discord.gg/4#inet#fw4#vpn_domains
nftset=/milan10041.discord.gg/4#inet#fw4#vpn_domains
nftset=/milan10042.discord.gg/4#inet#fw4#vpn_domains
nftset=/milan10043.discord.gg/4#inet#fw4#vpn_domains
nftset=/milan10044.discord.gg/4#inet#fw4#vpn_domains
nftset=/milan10045.discord.gg/4#inet#fw4#vpn_domains
nftset=/milan10046.discord.gg/4#inet#fw4#vpn_domains
nftset=/milan1069.discord.gg/4#inet#fw4#vpn_domains
nftset=/milan1639.discord.gg/4#inet#fw4#vpn_domains
nftset=/milan1643.discord.gg/4#inet#fw4#vpn_domains
nftset=/milan2028.discord.gg/4#inet#fw4#vpn_domains
nftset=/milan2079.discord.gg/4#inet#fw4#vpn_domains
nftset=/milan2344.discord.gg/4#inet#fw4#vpn_domains
nftset=/milan2380.discord.gg/4#inet#fw4#vpn_domains
nftset=/milan2446.discord.gg/4#inet#fw4#vpn_domains
nftset=/milan263.discord.gg/4#inet#fw4#vpn_domains
nftset=/milan2903.discord.gg/4#inet#fw4#vpn_domains
nftset=/milan2954.discord.gg/4#inet#fw4#vpn_domains
nftset=/milan3333.discord.gg/4#inet#fw4#vpn_domains
nftset=/milan3397.discord.gg/4#inet#fw4#vpn_domains
nftset=/milan3411.discord.gg/4#inet#fw4#vpn_domains
nftset=/milan3655.discord.gg/4#inet#fw4#vpn_domains
nftset=/milan3752.discord.gg/4#inet#fw4#vpn_domains
nftset=/milan3960.discord.gg/4#inet#fw4#vpn_domains
nftset=/milan4146.discord.gg/4#inet#fw4#vpn_domains
nftset=/milan4479.discord.gg/4#inet#fw4#vpn_domains
nftset=/milan4539.discord.gg/4#inet#fw4#vpn_domains
nftset=/milan4551.discord.gg/4#inet#fw4#vpn_domains
nftset=/milan4577.discord.gg/4#inet#fw4#vpn_domains
nftset=/milan4945.discord.gg/4#inet#fw4#vpn_domains
nftset=/milan5408.discord.gg/4#inet#fw4#vpn_domains
nftset=/milan5886.discord.gg/4#inet#fw4#vpn_domains
nftset=/milan5936.discord.gg/4#inet#fw4#vpn_domains
nftset=/milan5970.discord.gg/4#inet#fw4#vpn_domains
nftset=/milan6222.discord.gg/4#inet#fw4#vpn_domains
nftset=/milan6292.discord.gg/4#inet#fw4#vpn_domains
nftset=/milan6477.discord.gg/4#inet#fw4#vpn_domains
nftset=/milan6851.discord.gg/4#inet#fw4#vpn_domains
nftset=/milan6945.discord.gg/4#inet#fw4#vpn_domains
nftset=/milan7551.discord.gg/4#inet#fw4#vpn_domains
nftset=/milan8273.discord.gg/4#inet#fw4#vpn_domains
nftset=/milan8328.discord.gg/4#inet#fw4#vpn_domains
nftset=/milan8733.discord.gg/4#inet#fw4#vpn_domains
nftset=/milan8905.discord.gg/4#inet#fw4#vpn_domains
nftset=/milan8997.discord.gg/4#inet#fw4#vpn_domains
nftset=/milan9192.discord.gg/4#inet#fw4#vpn_domains
nftset=/milan9345.discord.gg/4#inet#fw4#vpn_domains
nftset=/milan9516.discord.gg/4#inet#fw4#vpn_domains
nftset=/milan9894.discord.gg/4#inet#fw4#vpn_domains
nftset=/milan9948.discord.gg/4#inet#fw4#vpn_domains
nftset=/rotterdam1032.discord.gg/4#inet#fw4#vpn_domains
nftset=/rotterdam1060.discord.gg/4#inet#fw4#vpn_domains
nftset=/rotterdam1069.discord.gg/4#inet#fw4#vpn_domains
nftset=/rotterdam11000.discord.gg/4#inet#fw4#vpn_domains
nftset=/rotterdam11001.discord.gg/4#inet#fw4#vpn_domains
nftset=/rotterdam11002.discord.gg/4#inet#fw4#vpn_domains
nftset=/rotterdam11003.discord.gg/4#inet#fw4#vpn_domains
nftset=/rotterdam11004.discord.gg/4#inet#fw4#vpn_domains
nftset=/rotterdam11005.discord.gg/4#inet#fw4#vpn_domains
nftset=/rotterdam11006.discord.gg/4#inet#fw4#vpn_domains
nftset=/rotterdam11007.discord.gg/4#inet#fw4#vpn_domains
nftset=/rotterdam11008.discord.gg/4#inet#fw4#vpn_domains
nftset=/rotterdam11009.discord.gg/4#inet#fw4#vpn_domains
nftset=/rotterdam11010.discord.gg/4#inet#fw4#vpn_domains
nftset=/rotterdam11011.discord.gg/4#inet#fw4#vpn_domains
nftset=/rotterdam11012.discord.gg/4#inet#fw4#vpn_domains
nftset=/rotterdam11013.discord.gg/4#inet#fw4#vpn_domains
nftset=/rotterdam11014.discord.gg/4#inet#fw4#vpn_domains
nftset=/rotterdam11015.discord.gg/4#inet#fw4#vpn_domains
nftset=/rotterdam11016.discord.gg/4#inet#fw4#vpn_domains
nftset=/rotterdam11017.discord.gg/4#inet#fw4#vpn_domains
nftset=/rotterdam11018.discord.gg/4#inet#fw4#vpn_domains
nftset=/rotterdam11019.discord.gg/4#inet#fw4#vpn_domains
nftset=/rotterdam11020.discord.gg/4#inet#fw4#vpn_domains
nftset=/rotterdam11021.discord.gg/4#inet#fw4#vpn_domains
nftset=/rotterdam11022.discord.gg/4#inet#fw4#vpn_domains
nftset=/rotterdam11023.discord.gg/4#inet#fw4#vpn_domains
nftset=/rotterdam11024.discord.gg/4#inet#fw4#vpn_domains
nftset=/rotterdam11025.discord.gg/4#inet#fw4#vpn_domains
nftset=/rotterdam11026.discord.gg/4#inet#fw4#vpn_domains
nftset=/rotterdam11027.discord.gg/4#inet#fw4#vpn_domains
nftset=/rotterdam11028.discord.gg/4#inet#fw4#vpn_domains
nftset=/rotterdam11029.discord.gg/4#inet#fw4#vpn_domains
nftset=/rotterdam11030.discord.gg/4#inet#fw4#vpn_domains
nftset=/rotterdam11031.discord.gg/4#inet#fw4#vpn_domains
nftset=/rotterdam11032.discord.gg/4#inet#fw4#vpn_domains
nftset=/rotterdam11033.discord.gg/4#inet#fw4#vpn_domains
nftset=/rotterdam11034.discord.gg/4#inet#fw4#vpn_domains
nftset=/rotterdam11035.discord.gg/4#inet#fw4#vpn_domains
nftset=/rotterdam11036.discord.gg/4#inet#fw4#vpn_domains
nftset=/rotterdam11037.discord.gg/4#inet#fw4#vpn_domains
nftset=/rotterdam11038.discord.gg/4#inet#fw4#vpn_domains
nftset=/rotterdam11039.discord.gg/4#inet#fw4#vpn_domains
nftset=/rotterdam11040.discord.gg/4#inet#fw4#vpn_domains
nftset=/rotterdam11041.discord.gg/4#inet#fw4#vpn_domains
nftset=/rotterdam11042.discord.gg/4#inet#fw4#vpn_domains
nftset=/rotterdam11043.discord.gg/4#inet#fw4#vpn_domains
nftset=/rotterdam11044.discord.gg/4#inet#fw4#vpn_domains
nftset=/rotterdam11045.discord.gg/4#inet#fw4#vpn_domains
nftset=/rotterdam11046.discord.gg/4#inet#fw4#vpn_domains
nftset=/rotterdam11047.discord.gg/4#inet#fw4#vpn_domains
nftset=/rotterdam11048.discord.gg/4#inet#fw4#vpn_domains
nftset=/rotterdam11049.discord.gg/4#inet#fw4#vpn_domains
nftset=/rotterdam11050.discord.gg/4#inet#fw4#vpn_domains
nftset=/rotterdam11051.discord.gg/4#inet#fw4#vpn_domains
nftset=/rotterdam11052.discord.gg/4#inet#fw4#vpn_domains
nftset=/rotterdam11053.discord.gg/4#inet#fw4#vpn_domains
nftset=/rotterdam11054.discord.gg/4#inet#fw4#vpn_domains
nftset=/rotterdam11055.discord.gg/4#inet#fw4#vpn_domains
nftset=/rotterdam11056.discord.gg/4#inet#fw4#vpn_domains
nftset=/rotterdam11057.discord.gg/4#inet#fw4#vpn_domains
nftset=/rotterdam11058.discord.gg/4#inet#fw4#vpn_domains
nftset=/rotterdam11059.discord.gg/4#inet#fw4#vpn_domains
nftset=/rotterdam11060.discord.gg/4#inet#fw4#vpn_domains
nftset=/rotterdam11061.discord.gg/4#inet#fw4#vpn_domains
nftset=/rotterdam11062.discord.gg/4#inet#fw4#vpn_domains
nftset=/rotterdam11063.discord.gg/4#inet#fw4#vpn_domains
nftset=/rotterdam11064.discord.gg/4#inet#fw4#vpn_domains
nftset=/rotterdam11065.discord.gg/4#inet#fw4#vpn_domains
nftset=/rotterdam11066.discord.gg/4#inet#fw4#vpn_domains
nftset=/rotterdam11067.discord.gg/4#inet#fw4#vpn_domains
nftset=/rotterdam11068.discord.gg/4#inet#fw4#vpn_domains
nftset=/rotterdam11069.discord.gg/4#inet#fw4#vpn_domains
nftset=/rotterdam11070.discord.gg/4#inet#fw4#vpn_domains
nftset=/rotterdam11071.discord.gg/4#inet#fw4#vpn_domains
nftset=/rotterdam11072.discord.gg/4#inet#fw4#vpn_domains
nftset=/rotterdam11073.discord.gg/4#inet#fw4#vpn_domains
nftset=/rotterdam11074.discord.gg/4#inet#fw4#vpn_domains
nftset=/rotterdam11075.discord.gg/4#inet#fw4#vpn_domains
nftset=/rotterdam11076.discord.gg/4#inet#fw4#vpn_domains
nftset=/rotterdam11077.discord.gg/4#inet#fw4#vpn_domains
nftset=/rotterdam11078.discord.gg/4#inet#fw4#vpn_domains
nftset=/rotterdam11079.discord.gg/4#inet#fw4#vpn_domains
nftset=/rotterdam11080.discord.gg/4#inet#fw4#vpn_domains
nftset=/rotterdam11081.discord.gg/4#inet#fw4#vpn_domains
nftset=/rotterdam11082.discord.gg/4#inet#fw4#vpn_domains
nftset=/rotterdam11083.discord.gg/4#inet#fw4#vpn_domains
nftset=/rotterdam11084.discord.gg/4#inet#fw4#vpn_domains
nftset=/rotterdam11085.discord.gg/4#inet#fw4#vpn_domains
nftset=/rotterdam11086.discord.gg/4#inet#fw4#vpn_domains
nftset=/rotterdam11087.discord.gg/4#inet#fw4#vpn_domains
nftset=/rotterdam11088.discord.gg/4#inet#fw4#vpn_domains
nftset=/rotterdam11089.discord.gg/4#inet#fw4#vpn_domains
nftset=/rotterdam11090.discord.gg/4#inet#fw4#vpn_domains
nftset=/rotterdam11091.discord.gg/4#inet#fw4#vpn_domains
nftset=/rotterdam11092.discord.gg/4#inet#fw4#vpn_domains
nftset=/rotterdam11093.discord.gg/4#inet#fw4#vpn_domains
nftset=/rotterdam11094.discord.gg/4#inet#fw4#vpn_domains
nftset=/rotterdam11095.discord.gg/4#inet#fw4#vpn_domains
nftset=/rotterdam11096.discord.gg/4#inet#fw4#vpn_domains
nftset=/rotterdam11097.discord.gg/4#inet#fw4#vpn_domains
nftset=/rotterdam11098.discord.gg/4#inet#fw4#vpn_domains
nftset=/rotterdam11099.discord.gg/4#inet#fw4#vpn_domains
nftset=/rotterdam11100.discord.gg/4#inet#fw4#vpn_domains
nftset=/rotterdam11101.discord.gg/4#inet#fw4#vpn_domains
nftset=/rotterdam11102.discord.gg/4#inet#fw4#vpn_domains
nftset=/rotterdam11103.discord.gg/4#inet#fw4#vpn_domains
nftset=/rotterdam11104.discord.gg/4#inet#fw4#vpn_domains
nftset=/rotterdam11105.discord.gg/4#inet#fw4#vpn_domains
nftset=/rotterdam11106.discord.gg/4#inet#fw4#vpn_domains
nftset=/rotterdam11107.discord.gg/4#inet#fw4#vpn_domains
nftset=/rotterdam11108.discord.gg/4#inet#fw4#vpn_domains
nftset=/rotterdam11109.discord.gg/4#inet#fw4#vpn_domains
nftset=/rotterdam11110.discord.gg/4#inet#fw4#vpn_domains
nftset=/rotterdam11111.discord.gg/4#inet#fw4#vpn_domains
nftset=/rotterdam11112.discord.gg/4#inet#fw4#vpn_domains
nftset=/rotterdam11113.discord.gg/4#inet#fw4#vpn_domains
nftset=/rotterdam11114.discord.gg/4#inet#fw4#vpn_domains
nftset=/rotterdam11115.discord.gg/4#inet#fw4#vpn_domains
nftset=/rotterdam11116.discord.gg/4#inet#fw4#vpn_domains
nftset=/rotterdam11117.discord.gg/4#inet#fw4#vpn_domains
nftset=/rotterdam11118.discord.gg/4#inet#fw4#vpn_domains
nftset=/rotterdam11119.discord.gg/4#inet#fw4#vpn_domains
nftset=/rotterdam11120.discord.gg/4#inet#fw4#vpn_domains
nftset=/rotterdam11121.discord.gg/4#inet#fw4#vpn_domains
nftset=/rotterdam11122.discord.gg/4#inet#fw4#vpn_domains
nftset=/rotterdam11123.discord.gg/4#inet#fw4#vpn_domains
nftset=/rotterdam11124.discord.gg/4#inet#fw4#vpn_domains
nftset=/rotterdam11125.discord.gg/4#inet#fw4#vpn_domains
nftset=/rotterdam11126.discord.gg/4#inet#fw4#vpn_domains
nftset=/rotterdam11127.discord.gg/4#inet#fw4#vpn_domains
nftset=/rotterdam11128.discord.gg/4#inet#fw4#vpn_domains
nftset=/rotterdam11129.discord.gg/4#inet#fw4#vpn_domains
nftset=/rotterdam11130.discord.gg/4#inet#fw4#vpn_domains
nftset=/rotterdam11131.discord.gg/4#inet#fw4#vpn_domains
nftset=/rotterdam11132.discord.gg/4#inet#fw4#vpn_domains
nftset=/rotterdam11133.discord.gg/4#inet#fw4#vpn_domains
nftset=/rotterdam11134.discord.gg/4#inet#fw4#vpn_domains
nftset=/rotterdam11135.discord.gg/4#inet#fw4#vpn_domains
nftset=/rotterdam11136.discord.gg/4#inet#fw4#vpn_domains
nftset=/rotterdam11137.discord.gg/4#inet#fw4#vpn_domains
nftset=/rotterdam11138.discord.gg/4#inet#fw4#vpn_domains
nftset=/rotterdam11139.discord.gg/4#inet#fw4#vpn_domains
nftset=/rotterdam11140.discord.gg/4#inet#fw4#vpn_domains
nftset=/rotterdam11141.discord.gg/4#inet#fw4#vpn_domains
nftset=/rotterdam11142.discord.gg/4#inet#fw4#vpn_domains
nftset=/rotterdam11143.discord.gg/4#inet#fw4#vpn_domains
nftset=/rotterdam11144.discord.gg/4#inet#fw4#vpn_domains
nftset=/rotterdam11145.discord.gg/4#inet#fw4#vpn_domains
nftset=/rotterdam11146.discord.gg/4#inet#fw4#vpn_domains
nftset=/rotterdam11147.discord.gg/4#inet#fw4#vpn_domains
nftset=/rotterdam11148.discord.gg/4#inet#fw4#vpn_domains
nftset=/rotterdam11149.discord.gg/4#inet#fw4#vpn_domains
nftset=/rotterdam11150.discord.gg/4#inet#fw4#vpn_domains
nftset=/rotterdam11151.discord.gg/4#inet#fw4#vpn_domains
nftset=/rotterdam11152.discord.gg/4#inet#fw4#vpn_domains
nftset=/rotterdam11153.discord.gg/4#inet#fw4#vpn_domains
nftset=/rotterdam11154.discord.gg/4#inet#fw4#vpn_domains
nftset=/rotterdam11155.discord.gg/4#inet#fw4#vpn_domains
nftset=/rotterdam11156.discord.gg/4#inet#fw4#vpn_domains
nftset=/rotterdam11157.discord.gg/4#inet#fw4#vpn_domains
nftset=/rotterdam11158.discord.gg/4#inet#fw4#vpn_domains
nftset=/rotterdam11159.discord.gg/4#inet#fw4#vpn_domains
nftset=/rotterdam11160.discord.gg/4#inet#fw4#vpn_domains
nftset=/rotterdam11161.discord.gg/4#inet#fw4#vpn_domains
nftset=/rotterdam11162.discord.gg/4#inet#fw4#vpn_domains
nftset=/rotterdam11163.discord.gg/4#inet#fw4#vpn_domains
nftset=/rotterdam11164.discord.gg/4#inet#fw4#vpn_domains
nftset=/rotterdam11165.discord.gg/4#inet#fw4#vpn_domains
nftset=/rotterdam11166.discord.gg/4#inet#fw4#vpn_domains
nftset=/rotterdam11167.discord.gg/4#inet#fw4#vpn_domains
nftset=/rotterdam11168.discord.gg/4#inet#fw4#vpn_domains
nftset=/rotterdam11169.discord.gg/4#inet#fw4#vpn_domains
nftset=/rotterdam11170.discord.gg/4#inet#fw4#vpn_domains
nftset=/rotterdam11171.discord.gg/4#inet#fw4#vpn_domains
nftset=/rotterdam11172.discord.gg/4#inet#fw4#vpn_domains
nftset=/rotterdam11173.discord.gg/4#inet#fw4#vpn_domains
nftset=/rotterdam11174.discord.gg/4#inet#fw4#vpn_domains
nftset=/rotterdam11175.discord.gg/4#inet#fw4#vpn_domains
nftset=/rotterdam11176.discord.gg/4#inet#fw4#vpn_domains
nftset=/rotterdam11177.discord.gg/4#inet#fw4#vpn_domains
nftset=/rotterdam11178.discord.gg/4#inet#fw4#vpn_domains
nftset=/rotterdam11179.discord.gg/4#inet#fw4#vpn_domains
nftset=/rotterdam11180.discord.gg/4#inet#fw4#vpn_domains
nftset=/rotterdam11181.discord.gg/4#inet#fw4#vpn_domains
nftset=/rotterdam11182.discord.gg/4#inet#fw4#vpn_domains
nftset=/rotterdam114.discord.gg/4#inet#fw4#vpn_domains
nftset=/rotterdam1160.discord.gg/4#inet#fw4#vpn_domains
nftset=/rotterdam1192.discord.gg/4#inet#fw4#vpn_domains
nftset=/rotterdam1197.discord.gg/4#inet#fw4#vpn_domains
nftset=/rotterdam1221.discord.gg/4#inet#fw4#vpn_domains
nftset=/rotterdam1225.discord.gg/4#inet#fw4#vpn_domains
nftset=/rotterdam1334.discord.gg/4#inet#fw4#vpn_domains
nftset=/rotterdam1402.discord.gg/4#inet#fw4#vpn_domains
nftset=/rotterdam1420.discord.gg/4#inet#fw4#vpn_domains
nftset=/rotterdam1474.discord.gg/4#inet#fw4#vpn_domains
nftset=/rotterdam1611.discord.gg/4#inet#fw4#vpn_domains
nftset=/rotterdam1669.discord.gg/4#inet#fw4#vpn_domains
nftset=/rotterdam1715.discord.gg/4#inet#fw4#vpn_domains
nftset=/rotterdam1716.discord.gg/4#inet#fw4#vpn_domains
nftset=/rotterdam1902.discord.gg/4#inet#fw4#vpn_domains
nftset=/rotterdam1981.discord.gg/4#inet#fw4#vpn_domains
nftset=/rotterdam2000.discord.gg/4#inet#fw4#vpn_domains
nftset=/rotterdam2002.discord.gg/4#inet#fw4#vpn_domains
nftset=/rotterdam2054.discord.gg/4#inet#fw4#vpn_domains
nftset=/rotterdam2127.discord.gg/4#inet#fw4#vpn_domains
nftset=/rotterdam2258.discord.gg/4#inet#fw4#vpn_domains
nftset=/rotterdam2332.discord.gg/4#inet#fw4#vpn_domains
nftset=/rotterdam249.discord.gg/4#inet#fw4#vpn_domains
nftset=/rotterdam2560.discord.gg/4#inet#fw4#vpn_domains
nftset=/rotterdam2584.discord.gg/4#inet#fw4#vpn_domains
nftset=/rotterdam2657.discord.gg/4#inet#fw4#vpn_domains
nftset=/rotterdam2708.discord.gg/4#inet#fw4#vpn_domains
nftset=/rotterdam2710.discord.gg/4#inet#fw4#vpn_domains
nftset=/rotterdam2744.discord.gg/4#inet#fw4#vpn_domains
nftset=/rotterdam2775.discord.gg/4#inet#fw4#vpn_domains
nftset=/rotterdam2937.discord.gg/4#inet#fw4#vpn_domains
nftset=/rotterdam3036.discord.gg/4#inet#fw4#vpn_domains
nftset=/rotterdam3046.discord.gg/4#inet#fw4#vpn_domains
nftset=/rotterdam3065.discord.gg/4#inet#fw4#vpn_domains
nftset=/rotterdam3175.discord.gg/4#inet#fw4#vpn_domains
nftset=/rotterdam3384.discord.gg/4#inet#fw4#vpn_domains
nftset=/rotterdam341.discord.gg/4#inet#fw4#vpn_domains
nftset=/rotterdam3468.discord.gg/4#inet#fw4#vpn_domains
nftset=/rotterdam3544.discord.gg/4#inet#fw4#vpn_domains
nftset=/rotterdam3563.discord.gg/4#inet#fw4#vpn_domains
nftset=/rotterdam3690.discord.gg/4#inet#fw4#vpn_domains
nftset=/rotterdam3775.discord.gg/4#inet#fw4#vpn_domains
nftset=/rotterdam3791.discord.gg/4#inet#fw4#vpn_domains
nftset=/rotterdam3803.discord.gg/4#inet#fw4#vpn_domains
nftset=/rotterdam3860.discord.gg/4#inet#fw4#vpn_domains
nftset=/rotterdam3955.discord.gg/4#inet#fw4#vpn_domains
nftset=/rotterdam4022.discord.gg/4#inet#fw4#vpn_domains
nftset=/rotterdam4030.discord.gg/4#inet#fw4#vpn_domains
nftset=/rotterdam4073.discord.gg/4#inet#fw4#vpn_domains
nftset=/rotterdam4193.discord.gg/4#inet#fw4#vpn_domains
nftset=/rotterdam4251.discord.gg/4#inet#fw4#vpn_domains
nftset=/rotterdam4331.discord.gg/4#inet#fw4#vpn_domains
nftset=/rotterdam4358.discord.gg/4#inet#fw4#vpn_domains
nftset=/rotterdam4371.discord.gg/4#inet#fw4#vpn_domains
nftset=/rotterdam4421.discord.gg/4#inet#fw4#vpn_domains
nftset=/rotterdam4461.discord.gg/4#inet#fw4#vpn_domains
nftset=/rotterdam4476.discord.gg/4#inet#fw4#vpn_domains
nftset=/rotterdam4477.discord.gg/4#inet#fw4#vpn_domains
nftset=/rotterdam457.discord.gg/4#inet#fw4#vpn_domains
nftset=/rotterdam4617.discord.gg/4#inet#fw4#vpn_domains
nftset=/rotterdam4652.discord.gg/4#inet#fw4#vpn_domains
nftset=/rotterdam4739.discord.gg/4#inet#fw4#vpn_domains
nftset=/rotterdam4790.discord.gg/4#inet#fw4#vpn_domains
nftset=/rotterdam4795.discord.gg/4#inet#fw4#vpn_domains
nftset=/rotterdam4807.discord.gg/4#inet#fw4#vpn_domains
nftset=/rotterdam4833.discord.gg/4#inet#fw4#vpn_domains
nftset=/rotterdam4868.discord.gg/4#inet#fw4#vpn_domains
nftset=/rotterdam5034.discord.gg/4#inet#fw4#vpn_domains
nftset=/rotterdam5042.discord.gg/4#inet#fw4#vpn_domains
nftset=/rotterdam5175.discord.gg/4#inet#fw4#vpn_domains
nftset=/rotterdam5214.discord.gg/4#inet#fw4#vpn_domains
nftset=/rotterdam5299.discord.gg/4#inet#fw4#vpn_domains
nftset=/rotterdam5328.discord.gg/4#inet#fw4#vpn_domains
nftset=/rotterdam5342.discord.gg/4#inet#fw4#vpn_domains
nftset=/rotterdam5403.discord.gg/4#inet#fw4#vpn_domains
nftset=/rotterdam5466.discord.gg/4#inet#fw4#vpn_domains
nftset=/rotterdam550.discord.gg/4#inet#fw4#vpn_domains
nftset=/rotterdam5589.discord.gg/4#inet#fw4#vpn_domains
nftset=/rotterdam5667.discord.gg/4#inet#fw4#vpn_domains
nftset=/rotterdam5733.discord.gg/4#inet#fw4#vpn_domains
nftset=/rotterdam5737.discord.gg/4#inet#fw4#vpn_domains
nftset=/rotterdam5739.discord.gg/4#inet#fw4#vpn_domains
nftset=/rotterdam5745.discord.gg/4#inet#fw4#vpn_domains
nftset=/rotterdam5781.discord.gg/4#inet#fw4#vpn_domains
nftset=/rotterdam5819.discord.gg/4#inet#fw4#vpn_domains
nftset=/rotterdam5873.discord.gg/4#inet#fw4#vpn_domains
nftset=/rotterdam5999.discord.gg/4#inet#fw4#vpn_domains
nftset=/rotterdam605.discord.gg/4#inet#fw4#vpn_domains
nftset=/rotterdam6224.discord.gg/4#inet#fw4#vpn_domains
nftset=/rotterdam6291.discord.gg/4#inet#fw4#vpn_domains
nftset=/rotterdam6392.discord.gg/4#inet#fw4#vpn_domains
nftset=/rotterdam6511.discord.gg/4#inet#fw4#vpn_domains
nftset=/rotterdam6563.discord.gg/4#inet#fw4#vpn_domains
nftset=/rotterdam6630.discord.gg/4#inet#fw4#vpn_domains
nftset=/rotterdam6661.discord.gg/4#inet#fw4#vpn_domains
nftset=/rotterdam6685.discord.gg/4#inet#fw4#vpn_domains
nftset=/rotterdam6706.discord.gg/4#inet#fw4#vpn_domains
nftset=/rotterdam674.discord.gg/4#inet#fw4#vpn_domains
nftset=/rotterdam6958.discord.gg/4#inet#fw4#vpn_domains
nftset=/rotterdam6996.discord.gg/4#inet#fw4#vpn_domains
nftset=/rotterdam7016.discord.gg/4#inet#fw4#vpn_domains
nftset=/rotterdam7100.discord.gg/4#inet#fw4#vpn_domains
nftset=/rotterdam7166.discord.gg/4#inet#fw4#vpn_domains
nftset=/rotterdam7172.discord.gg/4#inet#fw4#vpn_domains
nftset=/rotterdam7210.discord.gg/4#inet#fw4#vpn_domains
nftset=/rotterdam7218.discord.gg/4#inet#fw4#vpn_domains
nftset=/rotterdam7223.discord.gg/4#inet#fw4#vpn_domains
nftset=/rotterdam724.discord.gg/4#inet#fw4#vpn_domains
nftset=/rotterdam7386.discord.gg/4#inet#fw4#vpn_domains
nftset=/rotterdam7427.discord.gg/4#inet#fw4#vpn_domains
nftset=/rotterdam7428.discord.gg/4#inet#fw4#vpn_domains
nftset=/rotterdam7437.discord.gg/4#inet#fw4#vpn_domains
nftset=/rotterdam7439.discord.gg/4#inet#fw4#vpn_domains
nftset=/rotterdam745.discord.gg/4#inet#fw4#vpn_domains
nftset=/rotterdam7452.discord.gg/4#inet#fw4#vpn_domains
nftset=/rotterdam7602.discord.gg/4#inet#fw4#vpn_domains
nftset=/rotterdam7687.discord.gg/4#inet#fw4#vpn_domains
nftset=/rotterdam7720.discord.gg/4#inet#fw4#vpn_domains
nftset=/rotterdam7844.discord.gg/4#inet#fw4#vpn_domains
nftset=/rotterdam7884.discord.gg/4#inet#fw4#vpn_domains
nftset=/rotterdam7897.discord.gg/4#inet#fw4#vpn_domains
nftset=/rotterdam7930.discord.gg/4#inet#fw4#vpn_domains
nftset=/rotterdam7992.discord.gg/4#inet#fw4#vpn_domains
nftset=/rotterdam8001.discord.gg/4#inet#fw4#vpn_domains
nftset=/rotterdam8003.discord.gg/4#inet#fw4#vpn_domains
nftset=/rotterdam8065.discord.gg/4#inet#fw4#vpn_domains
nftset=/rotterdam8140.discord.gg/4#inet#fw4#vpn_domains
nftset=/rotterdam8163.discord.gg/4#inet#fw4#vpn_domains
nftset=/rotterdam8278.discord.gg/4#inet#fw4#vpn_domains
nftset=/rotterdam8286.discord.gg/4#inet#fw4#vpn_domains
nftset=/rotterdam8323.discord.gg/4#inet#fw4#vpn_domains
nftset=/rotterdam8340.discord.gg/4#inet#fw4#vpn_domains
nftset=/rotterdam8398.discord.gg/4#inet#fw4#vpn_domains
nftset=/rotterdam843.discord.gg/4#inet#fw4#vpn_domains
nftset=/rotterdam8489.discord.gg/4#inet#fw4#vpn_domains
nftset=/rotterdam8523.discord.gg/4#inet#fw4#vpn_domains
nftset=/rotterdam8527.discord.gg/4#inet#fw4#vpn_domains
nftset=/rotterdam8540.discord.gg/4#inet#fw4#vpn_domains
nftset=/rotterdam8575.discord.gg/4#inet#fw4#vpn_domains
nftset=/rotterdam8605.discord.gg/4#inet#fw4#vpn_domains
nftset=/rotterdam8609.discord.gg/4#inet#fw4#vpn_domains
nftset=/rotterdam8620.discord.gg/4#inet#fw4#vpn_domains
nftset=/rotterdam8675.discord.gg/4#inet#fw4#vpn_domains
nftset=/rotterdam8738.discord.gg/4#inet#fw4#vpn_domains
nftset=/rotterdam8897.discord.gg/4#inet#fw4#vpn_domains
nftset=/rotterdam8949.discord.gg/4#inet#fw4#vpn_domains
nftset=/rotterdam8993.discord.gg/4#inet#fw4#vpn_domains
nftset=/rotterdam9022.discord.gg/4#inet#fw4#vpn_domains
nftset=/rotterdam9035.discord.gg/4#inet#fw4#vpn_domains
nftset=/rotterdam9083.discord.gg/4#inet#fw4#vpn_domains
nftset=/rotterdam9095.discord.gg/4#inet#fw4#vpn_domains
nftset=/rotterdam9105.discord.gg/4#inet#fw4#vpn_domains
nftset=/rotterdam9127.discord.gg/4#inet#fw4#vpn_domains
nftset=/rotterdam9255.discord.gg/4#inet#fw4#vpn_domains
nftset=/rotterdam9319.discord.gg/4#inet#fw4#vpn_domains
nftset=/rotterdam9330.discord.gg/4#inet#fw4#vpn_domains
nftset=/rotterdam9347.discord.gg/4#inet#fw4#vpn_domains
nftset=/rotterdam9387.discord.gg/4#inet#fw4#vpn_domains
nftset=/rotterdam9525.discord.gg/4#inet#fw4#vpn_domains
nftset=/rotterdam9550.discord.gg/4#inet#fw4#vpn_domains
nftset=/rotterdam9551.discord.gg/4#inet#fw4#vpn_domains
nftset=/rotterdam9578.discord.gg/4#inet#fw4#vpn_domains
nftset=/rotterdam9694.discord.gg/4#inet#fw4#vpn_domains
nftset=/rotterdam9731.discord.gg/4#inet#fw4#vpn_domains
nftset=/rotterdam9794.discord.gg/4#inet#fw4#vpn_domains
nftset=/rotterdam9863.discord.gg/4#inet#fw4#vpn_domains
nftset=/rotterdam9872.discord.gg/4#inet#fw4#vpn_domains
nftset=/rotterdam9995.discord.gg/4#inet#fw4#vpn_domains
nftset=/stockholm1131.discord.gg/4#inet#fw4#vpn_domains
nftset=/stockholm1134.discord.gg/4#inet#fw4#vpn_domains
nftset=/stockholm1555.discord.gg/4#inet#fw4#vpn_domains
nftset=/stockholm1784.discord.gg/4#inet#fw4#vpn_domains
nftset=/stockholm1932.discord.gg/4#inet#fw4#vpn_domains
nftset=/stockholm1978.discord.gg/4#inet#fw4#vpn_domains
nftset=/stockholm2177.discord.gg/4#inet#fw4#vpn_domains
nftset=/stockholm2235.discord.gg/4#inet#fw4#vpn_domains
nftset=/stockholm2593.discord.gg/4#inet#fw4#vpn_domains
nftset=/stockholm2673.discord.gg/4#inet#fw4#vpn_domains
nftset=/stockholm2780.discord.gg/4#inet#fw4#vpn_domains
nftset=/stockholm2913.discord.gg/4#inet#fw4#vpn_domains
nftset=/stockholm3038.discord.gg/4#inet#fw4#vpn_domains
nftset=/stockholm3048.discord.gg/4#inet#fw4#vpn_domains
nftset=/stockholm3077.discord.gg/4#inet#fw4#vpn_domains
nftset=/stockholm3105.discord.gg/4#inet#fw4#vpn_domains
nftset=/stockholm3238.discord.gg/4#inet#fw4#vpn_domains
nftset=/stockholm3536.discord.gg/4#inet#fw4#vpn_domains
nftset=/stockholm3545.discord.gg/4#inet#fw4#vpn_domains
nftset=/stockholm3568.discord.gg/4#inet#fw4#vpn_domains
nftset=/stockholm3715.discord.gg/4#inet#fw4#vpn_domains
nftset=/stockholm3810.discord.gg/4#inet#fw4#vpn_domains
nftset=/stockholm3850.discord.gg/4#inet#fw4#vpn_domains
nftset=/stockholm3881.discord.gg/4#inet#fw4#vpn_domains
nftset=/stockholm4371.discord.gg/4#inet#fw4#vpn_domains
nftset=/stockholm4601.discord.gg/4#inet#fw4#vpn_domains
nftset=/stockholm4904.discord.gg/4#inet#fw4#vpn_domains
nftset=/stockholm5118.discord.gg/4#inet#fw4#vpn_domains
nftset=/stockholm5485.discord.gg/4#inet#fw4#vpn_domains
nftset=/stockholm5620.discord.gg/4#inet#fw4#vpn_domains
nftset=/stockholm589.discord.gg/4#inet#fw4#vpn_domains
nftset=/stockholm6104.discord.gg/4#inet#fw4#vpn_domains
nftset=/stockholm6152.discord.gg/4#inet#fw4#vpn_domains
nftset=/stockholm6270.discord.gg/4#inet#fw4#vpn_domains
nftset=/stockholm6606.discord.gg/4#inet#fw4#vpn_domains
nftset=/stockholm6612.discord.gg/4#inet#fw4#vpn_domains
nftset=/stockholm6663.discord.gg/4#inet#fw4#vpn_domains
nftset=/stockholm7242.discord.gg/4#inet#fw4#vpn_domains
nftset=/stockholm7375.discord.gg/4#inet#fw4#vpn_domains
nftset=/stockholm7576.discord.gg/4#inet#fw4#vpn_domains
nftset=/stockholm7719.discord.gg/4#inet#fw4#vpn_domains
nftset=/stockholm7753.discord.gg/4#inet#fw4#vpn_domains
nftset=/stockholm7797.discord.gg/4#inet#fw4#vpn_domains
nftset=/stockholm7918.discord.gg/4#inet#fw4#vpn_domains
nftset=/stockholm7997.discord.gg/4#inet#fw4#vpn_domains
nftset=/stockholm8036.discord.gg/4#inet#fw4#vpn_domains
nftset=/stockholm8261.discord.gg/4#inet#fw4#vpn_domains
nftset=/stockholm8334.discord.gg/4#inet#fw4#vpn_domains
nftset=/stockholm8360.discord.gg/4#inet#fw4#vpn_domains
nftset=/stockholm8543.discord.gg/4#inet#fw4#vpn_domains
nftset=/stockholm86.discord.gg/4#inet#fw4#vpn_domains
nftset=/stockholm8635.discord.gg/4#inet#fw4#vpn_domains
nftset=/stockholm8789.discord.gg/4#inet#fw4#vpn_domains
nftset=/stockholm8901.discord.gg/4#inet#fw4#vpn_domains
nftset=/stockholm9000.discord.gg/4#inet#fw4#vpn_domains
nftset=/stockholm9058.discord.gg/4#inet#fw4#vpn_domains
nftset=/stockholm906.discord.gg/4#inet#fw4#vpn_domains
nftset=/stockholm922.discord.gg/4#inet#fw4#vpn_domains
nftset=/stockholm9273.discord.gg/4#inet#fw4#vpn_domains
nftset=/stockholm9330.discord.gg/4#inet#fw4#vpn_domains
nftset=/stockholm9368.discord.gg/4#inet#fw4#vpn_domains
nftset=/stockholm9414.discord.gg/4#inet#fw4#vpn_domains
nftset=/stockholm9496.discord.gg/4#inet#fw4#vpn_domains
nftset=/stockholm9579.discord.gg/4#inet#fw4#vpn_domains
nftset=/stockholm9593.discord.gg/4#inet#fw4#vpn_domains
nftset=/stockholm9603.discord.gg/4#inet#fw4#vpn_domains
nftset=/stockholm9724.discord.gg/4#inet#fw4#vpn_domains
nftset=/stockholm9889.discord.gg/4#inet#fw4#vpn_domains
nftset=/warsaw10000.discord.gg/4#inet#fw4#vpn_domains
nftset=/warsaw10001.discord.gg/4#inet#fw4#vpn_domains
nftset=/warsaw10002.discord.gg/4#inet#fw4#vpn_domains
nftset=/warsaw10003.discord.gg/4#inet#fw4#vpn_domains
nftset=/warsaw10004.discord.gg/4#inet#fw4#vpn_domains
nftset=/warsaw10005.discord.gg/4#inet#fw4#vpn_domains
nftset=/warsaw10006.discord.gg/4#inet#fw4#vpn_domains
nftset=/warsaw10007.discord.gg/4#inet#fw4#vpn_domains
nftset=/warsaw10008.discord.gg/4#inet#fw4#vpn_domains
nftset=/warsaw10009.discord.gg/4#inet#fw4#vpn_domains
nftset=/warsaw10010.discord.gg/4#inet#fw4#vpn_domains
nftset=/warsaw10011.discord.gg/4#inet#fw4#vpn_domains
nftset=/warsaw10012.discord.gg/4#inet#fw4#vpn_domains
nftset=/warsaw10013.discord.gg/4#inet#fw4#vpn_domains
nftset=/warsaw10014.discord.gg/4#inet#fw4#vpn_domains
nftset=/warsaw10015.discord.gg/4#inet#fw4#vpn_domains
nftset=/warsaw10016.discord.gg/4#inet#fw4#vpn_domains
nftset=/warsaw10017.discord.gg/4#inet#fw4#vpn_domains
nftset=/warsaw10018.discord.gg/4#inet#fw4#vpn_domains
nftset=/warsaw10019.discord.gg/4#inet#fw4#vpn_domains
nftset=/warsaw10020.discord.gg/4#inet#fw4#vpn_domains
nftset=/warsaw10021.discord.gg/4#inet#fw4#vpn_domains
nftset=/warsaw10022.discord.gg/4#inet#fw4#vpn_domains
nftset=/warsaw10023.discord.gg/4#inet#fw4#vpn_domains
nftset=/warsaw10024.discord.gg/4#inet#fw4#vpn_domains
nftset=/warsaw10025.discord.gg/4#inet#fw4#vpn_domains
nftset=/warsaw10026.discord.gg/4#inet#fw4#vpn_domains
nftset=/warsaw10027.discord.gg/4#inet#fw4#vpn_domains
nftset=/warsaw10028.discord.gg/4#inet#fw4#vpn_domains
nftset=/warsaw10029.discord.gg/4#inet#fw4#vpn_domains
nftset=/warsaw10030.discord.gg/4#inet#fw4#vpn_domains
nftset=/warsaw10031.discord.gg/4#inet#fw4#vpn_domains
nftset=/warsaw10032.discord.gg/4#inet#fw4#vpn_domains
nftset=/warsaw10033.discord.gg/4#inet#fw4#vpn_domains
nftset=/warsaw10034.discord.gg/4#inet#fw4#vpn_domains
nftset=/warsaw10035.discord.gg/4#inet#fw4#vpn_domains
nftset=/warsaw10036.discord.gg/4#inet#fw4#vpn_domains
nftset=/warsaw10037.discord.gg/4#inet#fw4#vpn_domains
nftset=/warsaw10038.discord.gg/4#inet#fw4#vpn_domains
nftset=/warsaw10039.discord.gg/4#inet#fw4#vpn_domains
nftset=/warsaw10040.discord.gg/4#inet#fw4#vpn_domains
nftset=/warsaw10041.discord.gg/4#inet#fw4#vpn_domains
nftset=/warsaw10042.discord.gg/4#inet#fw4#vpn_domains
nftset=/warsaw10043.discord.gg/4#inet#fw4#vpn_domains
nftset=/warsaw10044.discord.gg/4#inet#fw4#vpn_domains
nftset=/warsaw10045.discord.gg/4#inet#fw4#vpn_domains
nftset=/warsaw10046.discord.gg/4#inet#fw4#vpn_domains
nftset=/warsaw10047.discord.gg/4#inet#fw4#vpn_domains
nftset=/warsaw10048.discord.gg/4#inet#fw4#vpn_domains
nftset=/warsaw10049.discord.gg/4#inet#fw4#vpn_domains
nftset=/warsaw10050.discord.gg/4#inet#fw4#vpn_domains
nftset=/warsaw10051.discord.gg/4#inet#fw4#vpn_domains
nftset=/warsaw10052.discord.gg/4#inet#fw4#vpn_domains
nftset=/warsaw10053.discord.gg/4#inet#fw4#vpn_domains
nftset=/warsaw10054.discord.gg/4#inet#fw4#vpn_domains
nftset=/warsaw10055.discord.gg/4#inet#fw4#vpn_domains
nftset=/warsaw10056.discord.gg/4#inet#fw4#vpn_domains
nftset=/warsaw10057.discord.gg/4#inet#fw4#vpn_domains
nftset=/warsaw10058.discord.gg/4#inet#fw4#vpn_domains
nftset=/warsaw10059.discord.gg/4#inet#fw4#vpn_domains
nftset=/warsaw10060.discord.gg/4#inet#fw4#vpn_domains
nftset=/warsaw10061.discord.gg/4#inet#fw4#vpn_domains
nftset=/warsaw10062.discord.gg/4#inet#fw4#vpn_domains
nftset=/warsaw10063.discord.gg/4#inet#fw4#vpn_domains
nftset=/warsaw10064.discord.gg/4#inet#fw4#vpn_domains
nftset=/warsaw10065.discord.gg/4#inet#fw4#vpn_domains
nftset=/warsaw10066.discord.gg/4#inet#fw4#vpn_domains
nftset=/warsaw10067.discord.gg/4#inet#fw4#vpn_domains
nftset=/warsaw10068.discord.gg/4#inet#fw4#vpn_domains
nftset=/warsaw10069.discord.gg/4#inet#fw4#vpn_domains
nftset=/warsaw10070.discord.gg/4#inet#fw4#vpn_domains
nftset=/warsaw10071.discord.gg/4#inet#fw4#vpn_domains
nftset=/warsaw10072.discord.gg/4#inet#fw4#vpn_domains
nftset=/warsaw10073.discord.gg/4#inet#fw4#vpn_domains
nftset=/warsaw10074.discord.gg/4#inet#fw4#vpn_domains
nftset=/warsaw10075.discord.gg/4#inet#fw4#vpn_domains
nftset=/warsaw10076.discord.gg/4#inet#fw4#vpn_domains
nftset=/warsaw10077.discord.gg/4#inet#fw4#vpn_domains
nftset=/warsaw10078.discord.gg/4#inet#fw4#vpn_domains
nftset=/warsaw10079.discord.gg/4#inet#fw4#vpn_domains
nftset=/warsaw10080.discord.gg/4#inet#fw4#vpn_domains
nftset=/warsaw10081.discord.gg/4#inet#fw4#vpn_domains
nftset=/warsaw10082.discord.gg/4#inet#fw4#vpn_domains
nftset=/warsaw10083.discord.gg/4#inet#fw4#vpn_domains
nftset=/warsaw10084.discord.gg/4#inet#fw4#vpn_domains
nftset=/warsaw10085.discord.gg/4#inet#fw4#vpn_domains
nftset=/warsaw10086.discord.gg/4#inet#fw4#vpn_domains
nftset=/warsaw10087.discord.gg/4#inet#fw4#vpn_domains
nftset=/warsaw10088.discord.gg/4#inet#fw4#vpn_domains
nftset=/warsaw10089.discord.gg/4#inet#fw4#vpn_domains
nftset=/warsaw10090.discord.gg/4#inet#fw4#vpn_domains
nftset=/warsaw10091.discord.gg/4#inet#fw4#vpn_domains
nftset=/warsaw10092.discord.gg/4#inet#fw4#vpn_domains
nftset=/warsaw10093.discord.gg/4#inet#fw4#vpn_domains
nftset=/warsaw10094.discord.gg/4#inet#fw4#vpn_domains
nftset=/warsaw10095.discord.gg/4#inet#fw4#vpn_domains
nftset=/warsaw10096.discord.gg/4#inet#fw4#vpn_domains
nftset=/warsaw10097.discord.gg/4#inet#fw4#vpn_domains
nftset=/warsaw10098.discord.gg/4#inet#fw4#vpn_domains
nftset=/warsaw10099.discord.gg/4#inet#fw4#vpn_domains
nftset=/warsaw10100.discord.gg/4#inet#fw4#vpn_domains
nftset=/warsaw10101.discord.gg/4#inet#fw4#vpn_domains
nftset=/warsaw10102.discord.gg/4#inet#fw4#vpn_domains
nftset=/warsaw10103.discord.gg/4#inet#fw4#vpn_domains
nftset=/warsaw10104.discord.gg/4#inet#fw4#vpn_domains
nftset=/warsaw10105.discord.gg/4#inet#fw4#vpn_domains
nftset=/warsaw10106.discord.gg/4#inet#fw4#vpn_domains
nftset=/warsaw10107.discord.gg/4#inet#fw4#vpn_domains
nftset=/warsaw10108.discord.gg/4#inet#fw4#vpn_domains
nftset=/warsaw10109.discord.gg/4#inet#fw4#vpn_domains
nftset=/warsaw10110.discord.gg/4#inet#fw4#vpn_domains
nftset=/warsaw10111.discord.gg/4#inet#fw4#vpn_domains
nftset=/warsaw10112.discord.gg/4#inet#fw4#vpn_domains
nftset=/warsaw10113.discord.gg/4#inet#fw4#vpn_domains
nftset=/warsaw10114.discord.gg/4#inet#fw4#vpn_domains
nftset=/warsaw10115.discord.gg/4#inet#fw4#vpn_domains
nftset=/warsaw10116.discord.gg/4#inet#fw4#vpn_domains
nftset=/warsaw10117.discord.gg/4#inet#fw4#vpn_domains
nftset=/warsaw10118.discord.gg/4#inet#fw4#vpn_domains
nftset=/warsaw10119.discord.gg/4#inet#fw4#vpn_domains
nftset=/warsaw10120.discord.gg/4#inet#fw4#vpn_domains
nftset=/warsaw10121.discord.gg/4#inet#fw4#vpn_domains
nftset=/warsaw10122.discord.gg/4#inet#fw4#vpn_domains
nftset=/warsaw10123.discord.gg/4#inet#fw4#vpn_domains
nftset=/warsaw10124.discord.gg/4#inet#fw4#vpn_domains
nftset=/warsaw10125.discord.gg/4#inet#fw4#vpn_domains
nftset=/warsaw10126.discord.gg/4#inet#fw4#vpn_domains
nftset=/warsaw10127.discord.gg/4#inet#fw4#vpn_domains
nftset=/warsaw10128.discord.gg/4#inet#fw4#vpn_domains
nftset=/warsaw10129.discord.gg/4#inet#fw4#vpn_domains
nftset=/warsaw10130.discord.gg/4#inet#fw4#vpn_domains
nftset=/warsaw10131.discord.gg/4#inet#fw4#vpn_domains
nftset=/warsaw10132.discord.gg/4#inet#fw4#vpn_domains
nftset=/warsaw10133.discord.gg/4#inet#fw4#vpn_domains
nftset=/warsaw10134.discord.gg/4#inet#fw4#vpn_domains
nftset=/warsaw10135.discord.gg/4#inet#fw4#vpn_domains
nftset=/warsaw10136.discord.gg/4#inet#fw4#vpn_domains
nftset=/warsaw10137.discord.gg/4#inet#fw4#vpn_domains
nftset=/warsaw10138.discord.gg/4#inet#fw4#vpn_domains
nftset=/warsaw10139.discord.gg/4#inet#fw4#vpn_domains
nftset=/warsaw10140.discord.gg/4#inet#fw4#vpn_domains
nftset=/warsaw10141.discord.gg/4#inet#fw4#vpn_domains
nftset=/warsaw10142.discord.gg/4#inet#fw4#vpn_domains
nftset=/warsaw10143.discord.gg/4#inet#fw4#vpn_domains
nftset=/warsaw10144.discord.gg/4#inet#fw4#vpn_domains
nftset=/warsaw10145.discord.gg/4#inet#fw4#vpn_domains
nftset=/warsaw10146.discord.gg/4#inet#fw4#vpn_domains
nftset=/warsaw10147.discord.gg/4#inet#fw4#vpn_domains
nftset=/warsaw10148.discord.gg/4#inet#fw4#vpn_domains
nftset=/warsaw10149.discord.gg/4#inet#fw4#vpn_domains
nftset=/warsaw10150.discord.gg/4#inet#fw4#vpn_domains
nftset=/warsaw10151.discord.gg/4#inet#fw4#vpn_domains
nftset=/warsaw10152.discord.gg/4#inet#fw4#vpn_domains
nftset=/warsaw10153.discord.gg/4#inet#fw4#vpn_domains
nftset=/warsaw10154.discord.gg/4#inet#fw4#vpn_domains
nftset=/warsaw10155.discord.gg/4#inet#fw4#vpn_domains
nftset=/warsaw10156.discord.gg/4#inet#fw4#vpn_domains
nftset=/warsaw10157.discord.gg/4#inet#fw4#vpn_domains
nftset=/warsaw10158.discord.gg/4#inet#fw4#vpn_domains
